Product: MDK-ARM Standard 5.10
Component: ARM Compiler 5.04 update 1 (build 49)
Tool: armlink [5040049]

==============================================================================

Section Cross References

    startup_stm32f103xb.o(RESET) refers to startup_stm32f103xb.o(STACK) for __initial_sp
    startup_stm32f103xb.o(RESET) refers to startup_stm32f103xb.o(.text) for Reset_Handler
    startup_stm32f103xb.o(RESET) refers to stm32f1xx_it.o(i.NMI_Handler) for NMI_Handler
    startup_stm32f103xb.o(RESET) refers to stm32f1xx_it.o(i.HardFault_Handler) for HardFault_Handler
    startup_stm32f103xb.o(RESET) refers to stm32f1xx_it.o(i.MemManage_Handler) for MemManage_Handler
    startup_stm32f103xb.o(RESET) refers to stm32f1xx_it.o(i.BusFault_Handler) for BusFault_Handler
    startup_stm32f103xb.o(RESET) refers to stm32f1xx_it.o(i.UsageFault_Handler) for UsageFault_Handler
    startup_stm32f103xb.o(RESET) refers to stm32f1xx_it.o(i.SVC_Handler) for SVC_Handler
    startup_stm32f103xb.o(RESET) refers to stm32f1xx_it.o(i.DebugMon_Handler) for DebugMon_Handler
    startup_stm32f103xb.o(RESET) refers to stm32f1xx_it.o(i.PendSV_Handler) for PendSV_Handler
    startup_stm32f103xb.o(RESET) refers to stm32f1xx_it.o(i.SysTick_Handler) for SysTick_Handler
    startup_stm32f103xb.o(.text) refers to system_stm32f1xx.o(i.SystemInit) for SystemInit
    startup_stm32f103xb.o(.text) refers to entry.o(.ARM.Collect$$$$00000000) for __main
    main.o(i.Delay_ms) refers to main.o(.data) for .data
    main.o(i.MX_GPIO_Init) refers to stm32f1xx_hal_gpio.o(i.HAL_GPIO_WritePin) for HAL_GPIO_WritePin
    main.o(i.MX_GPIO_Init) refers to stm32f1xx_hal_gpio.o(i.HAL_GPIO_Init) for HAL_GPIO_Init
    main.o(i.MX_USART1_Init) refers to stm32f1xx_hal_usart.o(i.HAL_USART_Init) for HAL_USART_Init
    main.o(i.MX_USART1_Init) refers to main.o(.bss) for .bss
    main.o(i.SystemClock_Config) refers to stm32f1xx_hal_rcc.o(i.HAL_RCC_OscConfig) for HAL_RCC_OscConfig
    main.o(i.SystemClock_Config) refers to stm32f1xx_hal_rcc.o(i.HAL_RCC_ClockConfig) for HAL_RCC_ClockConfig
    main.o(i.SystemClock_Config) refers to stm32f1xx_hal_rcc.o(i.HAL_RCC_GetHCLKFreq) for HAL_RCC_GetHCLKFreq
    main.o(i.SystemClock_Config) refers to stm32f1xx_hal_cortex.o(i.HAL_SYSTICK_Config) for HAL_SYSTICK_Config
    main.o(i.SystemClock_Config) refers to stm32f1xx_hal_cortex.o(i.HAL_SYSTICK_CLKSourceConfig) for HAL_SYSTICK_CLKSourceConfig
    main.o(i.SystemClock_Config) refers to stm32f1xx_hal_cortex.o(i.HAL_NVIC_SetPriority) for HAL_NVIC_SetPriority
    main.o(i.TimingDelay_Decrement) refers to main.o(.data) for .data
    main.o(i.main) refers to stm32f1xx_hal.o(i.HAL_Init) for HAL_Init
    main.o(i.main) refers to main.o(i.SystemClock_Config) for SystemClock_Config
    main.o(i.main) refers to main.o(i.MX_GPIO_Init) for MX_GPIO_Init
    main.o(i.main) refers to main.o(i.MX_USART1_Init) for MX_USART1_Init
    main.o(i.main) refers to nokia_5110.o(i.LCDInit) for LCDInit
    main.o(i.main) refers to main.o(i.Delay) for Delay
    main.o(i.main) refers to nokia_5110.o(i.LCDClear) for LCDClear
    main.o(i.main) refers to nokia_5110.o(i.gotoXY) for gotoXY
    main.o(i.main) refers to nokia_5110.o(i.LCDString) for LCDString
    main.o(i.main) refers to stm32f1xx_hal.o(i.HAL_Delay) for HAL_Delay
    main.o(i.main) refers to hinh_anh.o(i.loop) for loop
    main.o(i.main) refers to nokia_5110.o(i.LCDWrite) for LCDWrite
    stm32f1xx_hal_msp.o(i.HAL_MspInit) refers to stm32f1xx_hal_cortex.o(i.HAL_NVIC_SetPriorityGrouping) for HAL_NVIC_SetPriorityGrouping
    stm32f1xx_hal_msp.o(i.HAL_MspInit) refers to stm32f1xx_hal_cortex.o(i.HAL_NVIC_SetPriority) for HAL_NVIC_SetPriority
    stm32f1xx_hal_msp.o(i.HAL_USART_MspDeInit) refers to stm32f1xx_hal_gpio.o(i.HAL_GPIO_DeInit) for HAL_GPIO_DeInit
    stm32f1xx_hal_msp.o(i.HAL_USART_MspInit) refers to stm32f1xx_hal_gpio.o(i.HAL_GPIO_Init) for HAL_GPIO_Init
    stm32f1xx_it.o(i.SysTick_Handler) refers to stm32f1xx_hal.o(i.HAL_IncTick) for HAL_IncTick
    stm32f1xx_it.o(i.SysTick_Handler) refers to stm32f1xx_hal_cortex.o(i.HAL_SYSTICK_IRQHandler) for HAL_SYSTICK_IRQHandler
    nokia_5110.o(i.LCDBitmap) refers to nokia_5110.o(i.LCDWrite) for LCDWrite
    nokia_5110.o(i.LCDCharacter) refers to nokia_5110.o(i.LCDWrite) for LCDWrite
    nokia_5110.o(i.LCDCharacter) refers to nokia_5110.o(.constdata) for .constdata
    nokia_5110.o(i.LCDClear) refers to nokia_5110.o(i.LCDWrite) for LCDWrite
    nokia_5110.o(i.LCDClear) refers to nokia_5110.o(i.gotoXY) for gotoXY
    nokia_5110.o(i.LCDInit) refers to nokia_5110.o(i.LCD_GPIO_Init) for LCD_GPIO_Init
    nokia_5110.o(i.LCDInit) refers to stm32f1xx_hal_gpio.o(i.HAL_GPIO_WritePin) for HAL_GPIO_WritePin
    nokia_5110.o(i.LCDInit) refers to nokia_5110.o(i.LCDWrite) for LCDWrite
    nokia_5110.o(i.LCDString) refers to nokia_5110.o(i.LCDCharacter) for LCDCharacter
    nokia_5110.o(i.LCDWrite) refers to stm32f1xx_hal_gpio.o(i.HAL_GPIO_WritePin) for HAL_GPIO_WritePin
    nokia_5110.o(i.LCDWrite) refers to nokia_5110.o(i.shiftOut) for shiftOut
    nokia_5110.o(i.LCD_GPIO_Init) refers to stm32f1xx_hal_gpio.o(i.HAL_GPIO_WritePin) for HAL_GPIO_WritePin
    nokia_5110.o(i.LCD_GPIO_Init) refers to stm32f1xx_hal_gpio.o(i.HAL_GPIO_Init) for HAL_GPIO_Init
    nokia_5110.o(i.gotoXY) refers to nokia_5110.o(i.LCDWrite) for LCDWrite
    nokia_5110.o(i.shiftOut) refers to stm32f1xx_hal_gpio.o(i.HAL_GPIO_WritePin) for HAL_GPIO_WritePin
    hinh_anh.o(i.loop) refers to nokia_5110.o(i.LCDClear) for LCDClear
    hinh_anh.o(i.loop) refers to nokia_5110.o(i.LCDBitmap) for LCDBitmap
    hinh_anh.o(i.loop) refers to stm32f1xx_hal.o(i.HAL_Delay) for HAL_Delay
    hinh_anh.o(i.loop) refers to nokia_5110.o(i.LCDWrite) for LCDWrite
    hinh_anh.o(i.loop) refers to nokia_5110.o(i.gotoXY) for gotoXY
    hinh_anh.o(i.loop) refers to nokia_5110.o(i.LCDString) for LCDString
    hinh_anh.o(i.loop) refers to hinh_anh.o(.data) for .data
    stm32f1xx_hal_flash.o(i.FLASH_Program_HalfWord) refers to stm32f1xx_hal_flash.o(.bss) for .bss
    stm32f1xx_hal_flash.o(i.FLASH_SetErrorCode) refers to stm32f1xx_hal_flash.o(.bss) for .bss
    stm32f1xx_hal_flash.o(i.FLASH_WaitForLastOperation) refers to stm32f1xx_hal.o(i.HAL_GetTick) for HAL_GetTick
    stm32f1xx_hal_flash.o(i.FLASH_WaitForLastOperation) refers to stm32f1xx_hal_flash.o(i.FLASH_SetErrorCode) for FLASH_SetErrorCode
    stm32f1xx_hal_flash.o(i.HAL_FLASH_GetError) refers to stm32f1xx_hal_flash.o(.bss) for .bss
    stm32f1xx_hal_flash.o(i.HAL_FLASH_IRQHandler) refers to stm32f1xx_hal_flash.o(i.FLASH_SetErrorCode) for FLASH_SetErrorCode
    stm32f1xx_hal_flash.o(i.HAL_FLASH_IRQHandler) refers to stm32f1xx_hal_flash.o(i.HAL_FLASH_OperationErrorCallback) for HAL_FLASH_OperationErrorCallback
    stm32f1xx_hal_flash.o(i.HAL_FLASH_IRQHandler) refers to stm32f1xx_hal_flash.o(i.FLASH_Program_HalfWord) for FLASH_Program_HalfWord
    stm32f1xx_hal_flash.o(i.HAL_FLASH_IRQHandler) refers to stm32f1xx_hal_flash.o(i.HAL_FLASH_EndOfOperationCallback) for HAL_FLASH_EndOfOperationCallback
    stm32f1xx_hal_flash.o(i.HAL_FLASH_IRQHandler) refers to stm32f1xx_hal_flash_ex.o(i.FLASH_PageErase) for FLASH_PageErase
    stm32f1xx_hal_flash.o(i.HAL_FLASH_IRQHandler) refers to stm32f1xx_hal_flash.o(.bss) for .bss
    stm32f1xx_hal_flash.o(i.HAL_FLASH_OB_Launch) refers to stm32f1xx_hal_cortex.o(i.HAL_NVIC_SystemReset) for HAL_NVIC_SystemReset
    stm32f1xx_hal_flash.o(i.HAL_FLASH_Program) refers to stm32f1xx_hal_flash.o(i.FLASH_WaitForLastOperation) for FLASH_WaitForLastOperation
    stm32f1xx_hal_flash.o(i.HAL_FLASH_Program) refers to llushr.o(.text) for __aeabi_llsr
    stm32f1xx_hal_flash.o(i.HAL_FLASH_Program) refers to stm32f1xx_hal_flash.o(i.FLASH_Program_HalfWord) for FLASH_Program_HalfWord
    stm32f1xx_hal_flash.o(i.HAL_FLASH_Program) refers to stm32f1xx_hal_flash.o(.bss) for .bss
    stm32f1xx_hal_flash.o(i.HAL_FLASH_Program_IT) refers to stm32f1xx_hal_flash.o(i.FLASH_Program_HalfWord) for FLASH_Program_HalfWord
    stm32f1xx_hal_flash.o(i.HAL_FLASH_Program_IT) refers to stm32f1xx_hal_flash.o(.bss) for .bss
    stm32f1xx_hal.o(i.HAL_DeInit) refers to stm32f1xx_hal.o(i.HAL_MspDeInit) for HAL_MspDeInit
    stm32f1xx_hal.o(i.HAL_Delay) refers to stm32f1xx_hal.o(i.HAL_GetTick) for HAL_GetTick
    stm32f1xx_hal.o(i.HAL_GetTick) refers to stm32f1xx_hal.o(.data) for .data
    stm32f1xx_hal.o(i.HAL_IncTick) refers to stm32f1xx_hal.o(.data) for .data
    stm32f1xx_hal.o(i.HAL_Init) refers to stm32f1xx_hal_cortex.o(i.HAL_NVIC_SetPriorityGrouping) for HAL_NVIC_SetPriorityGrouping
    stm32f1xx_hal.o(i.HAL_Init) refers to stm32f1xx_hal.o(i.HAL_InitTick) for HAL_InitTick
    stm32f1xx_hal.o(i.HAL_Init) refers to stm32f1xx_hal_msp.o(i.HAL_MspInit) for HAL_MspInit
    stm32f1xx_hal.o(i.HAL_InitTick) refers to stm32f1xx_hal_cortex.o(i.HAL_SYSTICK_Config) for HAL_SYSTICK_Config
    stm32f1xx_hal.o(i.HAL_InitTick) refers to stm32f1xx_hal_cortex.o(i.HAL_NVIC_SetPriority) for HAL_NVIC_SetPriority
    stm32f1xx_hal.o(i.HAL_InitTick) refers to system_stm32f1xx.o(.data) for SystemCoreClock
    stm32f1xx_hal_gpio.o(i.HAL_GPIO_EXTI_IRQHandler) refers to stm32f1xx_hal_gpio.o(i.HAL_GPIO_EXTI_Callback) for HAL_GPIO_EXTI_Callback
    stm32f1xx_hal_flash_ex.o(i.FLASH_MassErase) refers to stm32f1xx_hal_flash.o(.bss) for pFlash
    stm32f1xx_hal_flash_ex.o(i.FLASH_OB_DisableWRP) refers to stm32f1xx_hal_flash.o(i.FLASH_WaitForLastOperation) for FLASH_WaitForLastOperation
    stm32f1xx_hal_flash_ex.o(i.FLASH_OB_DisableWRP) refers to stm32f1xx_hal_flash_ex.o(i.HAL_FLASHEx_OBErase) for HAL_FLASHEx_OBErase
    stm32f1xx_hal_flash_ex.o(i.FLASH_OB_DisableWRP) refers to stm32f1xx_hal_flash.o(.bss) for pFlash
    stm32f1xx_hal_flash_ex.o(i.FLASH_OB_EnableWRP) refers to stm32f1xx_hal_flash.o(i.FLASH_WaitForLastOperation) for FLASH_WaitForLastOperation
    stm32f1xx_hal_flash_ex.o(i.FLASH_OB_EnableWRP) refers to stm32f1xx_hal_flash_ex.o(i.HAL_FLASHEx_OBErase) for HAL_FLASHEx_OBErase
    stm32f1xx_hal_flash_ex.o(i.FLASH_OB_EnableWRP) refers to stm32f1xx_hal_flash.o(.bss) for pFlash
    stm32f1xx_hal_flash_ex.o(i.FLASH_OB_RDP_LevelConfig) refers to stm32f1xx_hal_flash.o(i.FLASH_WaitForLastOperation) for FLASH_WaitForLastOperation
    stm32f1xx_hal_flash_ex.o(i.FLASH_OB_RDP_LevelConfig) refers to stm32f1xx_hal_flash.o(.bss) for pFlash
    stm32f1xx_hal_flash_ex.o(i.FLASH_PageErase) refers to stm32f1xx_hal_flash.o(.bss) for pFlash
    stm32f1xx_hal_flash_ex.o(i.HAL_FLASHEx_Erase) refers to stm32f1xx_hal_flash.o(i.FLASH_WaitForLastOperation) for FLASH_WaitForLastOperation
    stm32f1xx_hal_flash_ex.o(i.HAL_FLASHEx_Erase) refers to stm32f1xx_hal_flash_ex.o(i.FLASH_MassErase) for FLASH_MassErase
    stm32f1xx_hal_flash_ex.o(i.HAL_FLASHEx_Erase) refers to stm32f1xx_hal_flash_ex.o(i.FLASH_PageErase) for FLASH_PageErase
    stm32f1xx_hal_flash_ex.o(i.HAL_FLASHEx_Erase) refers to stm32f1xx_hal_flash.o(.bss) for pFlash
    stm32f1xx_hal_flash_ex.o(i.HAL_FLASHEx_Erase_IT) refers to stm32f1xx_hal_flash_ex.o(i.FLASH_PageErase) for FLASH_PageErase
    stm32f1xx_hal_flash_ex.o(i.HAL_FLASHEx_Erase_IT) refers to stm32f1xx_hal_flash_ex.o(i.FLASH_MassErase) for FLASH_MassErase
    stm32f1xx_hal_flash_ex.o(i.HAL_FLASHEx_Erase_IT) refers to stm32f1xx_hal_flash.o(.bss) for pFlash
    stm32f1xx_hal_flash_ex.o(i.HAL_FLASHEx_OBErase) refers to stm32f1xx_hal_flash_ex.o(i.FLASH_OB_GetRDP) for FLASH_OB_GetRDP
    stm32f1xx_hal_flash_ex.o(i.HAL_FLASHEx_OBErase) refers to stm32f1xx_hal_flash.o(i.FLASH_WaitForLastOperation) for FLASH_WaitForLastOperation
    stm32f1xx_hal_flash_ex.o(i.HAL_FLASHEx_OBErase) refers to stm32f1xx_hal_flash_ex.o(i.FLASH_OB_RDP_LevelConfig) for FLASH_OB_RDP_LevelConfig
    stm32f1xx_hal_flash_ex.o(i.HAL_FLASHEx_OBErase) refers to stm32f1xx_hal_flash.o(.bss) for pFlash
    stm32f1xx_hal_flash_ex.o(i.HAL_FLASHEx_OBGetConfig) refers to stm32f1xx_hal_flash_ex.o(i.FLASH_OB_GetRDP) for FLASH_OB_GetRDP
    stm32f1xx_hal_flash_ex.o(i.HAL_FLASHEx_OBProgram) refers to stm32f1xx_hal_flash_ex.o(i.FLASH_OB_DisableWRP) for FLASH_OB_DisableWRP
    stm32f1xx_hal_flash_ex.o(i.HAL_FLASHEx_OBProgram) refers to stm32f1xx_hal_flash_ex.o(i.FLASH_OB_EnableWRP) for FLASH_OB_EnableWRP
    stm32f1xx_hal_flash_ex.o(i.HAL_FLASHEx_OBProgram) refers to stm32f1xx_hal_flash_ex.o(i.FLASH_OB_RDP_LevelConfig) for FLASH_OB_RDP_LevelConfig
    stm32f1xx_hal_flash_ex.o(i.HAL_FLASHEx_OBProgram) refers to stm32f1xx_hal_flash.o(i.FLASH_WaitForLastOperation) for FLASH_WaitForLastOperation
    stm32f1xx_hal_flash_ex.o(i.HAL_FLASHEx_OBProgram) refers to stm32f1xx_hal_flash.o(.bss) for pFlash
    stm32f1xx_hal_rcc.o(i.HAL_RCC_ClockConfig) refers to stm32f1xx_hal.o(i.HAL_GetTick) for HAL_GetTick
    stm32f1xx_hal_rcc.o(i.HAL_RCC_ClockConfig) refers to stm32f1xx_hal_rcc.o(i.HAL_RCC_GetSysClockFreq) for HAL_RCC_GetSysClockFreq
    stm32f1xx_hal_rcc.o(i.HAL_RCC_ClockConfig) refers to stm32f1xx_hal.o(i.HAL_InitTick) for HAL_InitTick
    stm32f1xx_hal_rcc.o(i.HAL_RCC_ClockConfig) refers to system_stm32f1xx.o(.constdata) for AHBPrescTable
    stm32f1xx_hal_rcc.o(i.HAL_RCC_ClockConfig) refers to system_stm32f1xx.o(.data) for SystemCoreClock
    stm32f1xx_hal_rcc.o(i.HAL_RCC_DeInit) refers to system_stm32f1xx.o(.data) for SystemCoreClock
    stm32f1xx_hal_rcc.o(i.HAL_RCC_GetHCLKFreq) refers to system_stm32f1xx.o(.data) for SystemCoreClock
    stm32f1xx_hal_rcc.o(i.HAL_RCC_GetPCLK1Freq) refers to system_stm32f1xx.o(.data) for SystemCoreClock
    stm32f1xx_hal_rcc.o(i.HAL_RCC_GetPCLK1Freq) refers to system_stm32f1xx.o(.constdata) for APBPrescTable
    stm32f1xx_hal_rcc.o(i.HAL_RCC_GetPCLK2Freq) refers to system_stm32f1xx.o(.data) for SystemCoreClock
    stm32f1xx_hal_rcc.o(i.HAL_RCC_GetPCLK2Freq) refers to system_stm32f1xx.o(.constdata) for APBPrescTable
    stm32f1xx_hal_rcc.o(i.HAL_RCC_MCOConfig) refers to stm32f1xx_hal_gpio.o(i.HAL_GPIO_Init) for HAL_GPIO_Init
    stm32f1xx_hal_rcc.o(i.HAL_RCC_NMI_IRQHandler) refers to stm32f1xx_hal_rcc.o(i.HAL_RCC_CSSCallback) for HAL_RCC_CSSCallback
    stm32f1xx_hal_rcc.o(i.HAL_RCC_OscConfig) refers to stm32f1xx_hal.o(i.HAL_GetTick) for HAL_GetTick
    stm32f1xx_hal_rcc.o(i.HAL_RCC_OscConfig) refers to system_stm32f1xx.o(.data) for SystemCoreClock
    stm32f1xx_hal_rcc_ex.o(i.HAL_RCCEx_GetPeriphCLKFreq) refers to stm32f1xx_hal_rcc.o(i.HAL_RCC_GetPCLK2Freq) for HAL_RCC_GetPCLK2Freq
    stm32f1xx_hal_rcc_ex.o(i.HAL_RCCEx_PeriphCLKConfig) refers to stm32f1xx_hal.o(i.HAL_GetTick) for HAL_GetTick
    stm32f1xx_hal_pwr.o(i.HAL_PWR_EnterSTOPMode) refers to stm32f1xx_hal_pwr.o(i.PWR_OverloadWfe) for PWR_OverloadWfe
    stm32f1xx_hal_pwr.o(i.HAL_PWR_PVD_IRQHandler) refers to stm32f1xx_hal_pwr.o(i.HAL_PWR_PVDCallback) for HAL_PWR_PVDCallback
    stm32f1xx_hal_dma.o(i.HAL_DMA_PollForTransfer) refers to stm32f1xx_hal.o(i.HAL_GetTick) for HAL_GetTick
    stm32f1xx_hal_dma.o(i.HAL_DMA_Start) refers to stm32f1xx_hal_dma.o(i.DMA_SetConfig) for DMA_SetConfig
    stm32f1xx_hal_dma.o(i.HAL_DMA_Start_IT) refers to stm32f1xx_hal_dma.o(i.DMA_SetConfig) for DMA_SetConfig
    stm32f1xx_hal_cortex.o(i.HAL_NVIC_SetPriority) refers to stm32f1xx_hal_cortex.o(i.NVIC_SetPriority) for NVIC_SetPriority
    stm32f1xx_hal_cortex.o(i.HAL_SYSTICK_Config) refers to stm32f1xx_hal_cortex.o(i.NVIC_SetPriority) for NVIC_SetPriority
    stm32f1xx_hal_cortex.o(i.HAL_SYSTICK_IRQHandler) refers to stm32f1xx_hal_cortex.o(i.HAL_SYSTICK_Callback) for HAL_SYSTICK_Callback
    stm32f1xx_hal_usart.o(i.HAL_USART_Abort) refers to stm32f1xx_hal_dma.o(i.HAL_DMA_Abort) for HAL_DMA_Abort
    stm32f1xx_hal_usart.o(i.HAL_USART_Abort_IT) refers to stm32f1xx_hal_dma.o(i.HAL_DMA_Abort_IT) for HAL_DMA_Abort_IT
    stm32f1xx_hal_usart.o(i.HAL_USART_Abort_IT) refers to stm32f1xx_hal_usart.o(i.HAL_USART_AbortCpltCallback) for HAL_USART_AbortCpltCallback
    stm32f1xx_hal_usart.o(i.HAL_USART_Abort_IT) refers to stm32f1xx_hal_usart.o(i.USART_DMATxAbortCallback) for USART_DMATxAbortCallback
    stm32f1xx_hal_usart.o(i.HAL_USART_Abort_IT) refers to stm32f1xx_hal_usart.o(i.USART_DMARxAbortCallback) for USART_DMARxAbortCallback
    stm32f1xx_hal_usart.o(i.HAL_USART_DMAStop) refers to stm32f1xx_hal_usart.o(i.USART_EndTxTransfer) for USART_EndTxTransfer
    stm32f1xx_hal_usart.o(i.HAL_USART_DMAStop) refers to stm32f1xx_hal_dma.o(i.HAL_DMA_Abort) for HAL_DMA_Abort
    stm32f1xx_hal_usart.o(i.HAL_USART_DMAStop) refers to stm32f1xx_hal_usart.o(i.USART_EndRxTransfer) for USART_EndRxTransfer
    stm32f1xx_hal_usart.o(i.HAL_USART_DeInit) refers to stm32f1xx_hal_msp.o(i.HAL_USART_MspDeInit) for HAL_USART_MspDeInit
    stm32f1xx_hal_usart.o(i.HAL_USART_IRQHandler) refers to stm32f1xx_hal_usart.o(i.USART_TransmitReceive_IT) for USART_TransmitReceive_IT
    stm32f1xx_hal_usart.o(i.HAL_USART_IRQHandler) refers to stm32f1xx_hal_usart.o(i.USART_EndRxTransfer) for USART_EndRxTransfer
    stm32f1xx_hal_usart.o(i.HAL_USART_IRQHandler) refers to stm32f1xx_hal_dma.o(i.HAL_DMA_Abort_IT) for HAL_DMA_Abort_IT
    stm32f1xx_hal_usart.o(i.HAL_USART_IRQHandler) refers to stm32f1xx_hal_usart.o(i.USART_Receive_IT) for USART_Receive_IT
    stm32f1xx_hal_usart.o(i.HAL_USART_IRQHandler) refers to stm32f1xx_hal_usart.o(i.HAL_USART_ErrorCallback) for HAL_USART_ErrorCallback
    stm32f1xx_hal_usart.o(i.HAL_USART_IRQHandler) refers to stm32f1xx_hal_usart.o(i.USART_Transmit_IT) for USART_Transmit_IT
    stm32f1xx_hal_usart.o(i.HAL_USART_IRQHandler) refers to stm32f1xx_hal_usart.o(i.HAL_USART_TxCpltCallback) for HAL_USART_TxCpltCallback
    stm32f1xx_hal_usart.o(i.HAL_USART_IRQHandler) refers to stm32f1xx_hal_usart.o(i.USART_DMAAbortOnError) for USART_DMAAbortOnError
    stm32f1xx_hal_usart.o(i.HAL_USART_Init) refers to stm32f1xx_hal_msp.o(i.HAL_USART_MspInit) for HAL_USART_MspInit
    stm32f1xx_hal_usart.o(i.HAL_USART_Init) refers to stm32f1xx_hal_usart.o(i.USART_SetConfig) for USART_SetConfig
    stm32f1xx_hal_usart.o(i.HAL_USART_Receive) refers to stm32f1xx_hal.o(i.HAL_GetTick) for HAL_GetTick
    stm32f1xx_hal_usart.o(i.HAL_USART_Receive) refers to stm32f1xx_hal_usart.o(i.USART_WaitOnFlagUntilTimeout) for USART_WaitOnFlagUntilTimeout
    stm32f1xx_hal_usart.o(i.HAL_USART_Receive_DMA) refers to stm32f1xx_hal_dma.o(i.HAL_DMA_Start_IT) for HAL_DMA_Start_IT
    stm32f1xx_hal_usart.o(i.HAL_USART_Receive_DMA) refers to stm32f1xx_hal_usart.o(i.USART_DMAReceiveCplt) for USART_DMAReceiveCplt
    stm32f1xx_hal_usart.o(i.HAL_USART_Receive_DMA) refers to stm32f1xx_hal_usart.o(i.USART_DMARxHalfCplt) for USART_DMARxHalfCplt
    stm32f1xx_hal_usart.o(i.HAL_USART_Receive_DMA) refers to stm32f1xx_hal_usart.o(i.USART_DMAError) for USART_DMAError
    stm32f1xx_hal_usart.o(i.HAL_USART_Transmit) refers to stm32f1xx_hal.o(i.HAL_GetTick) for HAL_GetTick
    stm32f1xx_hal_usart.o(i.HAL_USART_Transmit) refers to stm32f1xx_hal_usart.o(i.USART_WaitOnFlagUntilTimeout) for USART_WaitOnFlagUntilTimeout
    stm32f1xx_hal_usart.o(i.HAL_USART_TransmitReceive) refers to stm32f1xx_hal.o(i.HAL_GetTick) for HAL_GetTick
    stm32f1xx_hal_usart.o(i.HAL_USART_TransmitReceive) refers to stm32f1xx_hal_usart.o(i.USART_WaitOnFlagUntilTimeout) for USART_WaitOnFlagUntilTimeout
    stm32f1xx_hal_usart.o(i.HAL_USART_TransmitReceive_DMA) refers to stm32f1xx_hal_dma.o(i.HAL_DMA_Start_IT) for HAL_DMA_Start_IT
    stm32f1xx_hal_usart.o(i.HAL_USART_TransmitReceive_DMA) refers to stm32f1xx_hal_usart.o(i.USART_DMAReceiveCplt) for USART_DMAReceiveCplt
    stm32f1xx_hal_usart.o(i.HAL_USART_TransmitReceive_DMA) refers to stm32f1xx_hal_usart.o(i.USART_DMARxHalfCplt) for USART_DMARxHalfCplt
    stm32f1xx_hal_usart.o(i.HAL_USART_TransmitReceive_DMA) refers to stm32f1xx_hal_usart.o(i.USART_DMATransmitCplt) for USART_DMATransmitCplt
    stm32f1xx_hal_usart.o(i.HAL_USART_TransmitReceive_DMA) refers to stm32f1xx_hal_usart.o(i.USART_DMATxHalfCplt) for USART_DMATxHalfCplt
    stm32f1xx_hal_usart.o(i.HAL_USART_TransmitReceive_DMA) refers to stm32f1xx_hal_usart.o(i.USART_DMAError) for USART_DMAError
    stm32f1xx_hal_usart.o(i.HAL_USART_Transmit_DMA) refers to stm32f1xx_hal_dma.o(i.HAL_DMA_Start_IT) for HAL_DMA_Start_IT
    stm32f1xx_hal_usart.o(i.HAL_USART_Transmit_DMA) refers to stm32f1xx_hal_usart.o(i.USART_DMATransmitCplt) for USART_DMATransmitCplt
    stm32f1xx_hal_usart.o(i.HAL_USART_Transmit_DMA) refers to stm32f1xx_hal_usart.o(i.USART_DMATxHalfCplt) for USART_DMATxHalfCplt
    stm32f1xx_hal_usart.o(i.HAL_USART_Transmit_DMA) refers to stm32f1xx_hal_usart.o(i.USART_DMAError) for USART_DMAError
    stm32f1xx_hal_usart.o(i.USART_DMAAbortOnError) refers to stm32f1xx_hal_usart.o(i.HAL_USART_ErrorCallback) for HAL_USART_ErrorCallback
    stm32f1xx_hal_usart.o(i.USART_DMAError) refers to stm32f1xx_hal_usart.o(i.USART_EndTxTransfer) for USART_EndTxTransfer
    stm32f1xx_hal_usart.o(i.USART_DMAError) refers to stm32f1xx_hal_usart.o(i.USART_EndRxTransfer) for USART_EndRxTransfer
    stm32f1xx_hal_usart.o(i.USART_DMAError) refers to stm32f1xx_hal_usart.o(i.HAL_USART_ErrorCallback) for HAL_USART_ErrorCallback
    stm32f1xx_hal_usart.o(i.USART_DMAReceiveCplt) refers to stm32f1xx_hal_usart.o(i.HAL_USART_TxRxCpltCallback) for HAL_USART_TxRxCpltCallback
    stm32f1xx_hal_usart.o(i.USART_DMAReceiveCplt) refers to stm32f1xx_hal_usart.o(i.HAL_USART_RxCpltCallback) for HAL_USART_RxCpltCallback
    stm32f1xx_hal_usart.o(i.USART_DMARxAbortCallback) refers to stm32f1xx_hal_usart.o(i.HAL_USART_AbortCpltCallback) for HAL_USART_AbortCpltCallback
    stm32f1xx_hal_usart.o(i.USART_DMARxHalfCplt) refers to stm32f1xx_hal_usart.o(i.HAL_USART_RxHalfCpltCallback) for HAL_USART_RxHalfCpltCallback
    stm32f1xx_hal_usart.o(i.USART_DMATransmitCplt) refers to stm32f1xx_hal_usart.o(i.HAL_USART_TxCpltCallback) for HAL_USART_TxCpltCallback
    stm32f1xx_hal_usart.o(i.USART_DMATxAbortCallback) refers to stm32f1xx_hal_usart.o(i.HAL_USART_AbortCpltCallback) for HAL_USART_AbortCpltCallback
    stm32f1xx_hal_usart.o(i.USART_DMATxHalfCplt) refers to stm32f1xx_hal_usart.o(i.HAL_USART_TxHalfCpltCallback) for HAL_USART_TxHalfCpltCallback
    stm32f1xx_hal_usart.o(i.USART_Receive_IT) refers to stm32f1xx_hal_usart.o(i.HAL_USART_RxCpltCallback) for HAL_USART_RxCpltCallback
    stm32f1xx_hal_usart.o(i.USART_SetConfig) refers to stm32f1xx_hal_rcc.o(i.HAL_RCC_GetPCLK2Freq) for HAL_RCC_GetPCLK2Freq
    stm32f1xx_hal_usart.o(i.USART_SetConfig) refers to stm32f1xx_hal_rcc.o(i.HAL_RCC_GetPCLK1Freq) for HAL_RCC_GetPCLK1Freq
    stm32f1xx_hal_usart.o(i.USART_TransmitReceive_IT) refers to stm32f1xx_hal_usart.o(i.HAL_USART_TxRxCpltCallback) for HAL_USART_TxRxCpltCallback
    stm32f1xx_hal_usart.o(i.USART_WaitOnFlagUntilTimeout) refers to stm32f1xx_hal.o(i.HAL_GetTick) for HAL_GetTick
    system_stm32f1xx.o(i.SystemCoreClockUpdate) refers to system_stm32f1xx.o(.data) for .data
    system_stm32f1xx.o(i.SystemCoreClockUpdate) refers to system_stm32f1xx.o(.constdata) for .constdata
    entry.o(.ARM.Collect$$$$00000000) refers (Special) to entry10a.o(.ARM.Collect$$$$0000000D) for __rt_final_cpp
    entry.o(.ARM.Collect$$$$00000000) refers (Special) to entry11a.o(.ARM.Collect$$$$0000000F) for __rt_final_exit
    entry.o(.ARM.Collect$$$$00000000) refers (Special) to entry7b.o(.ARM.Collect$$$$00000008) for _main_clock
    entry.o(.ARM.Collect$$$$00000000) refers (Special) to entry8b.o(.ARM.Collect$$$$0000000A) for _main_cpp_init
    entry.o(.ARM.Collect$$$$00000000) refers (Special) to entry9a.o(.ARM.Collect$$$$0000000B) for _main_init
    entry.o(.ARM.Collect$$$$00000000) refers (Special) to entry5.o(.ARM.Collect$$$$00000004) for _main_scatterload
    entry.o(.ARM.Collect$$$$00000000) refers (Special) to entry2.o(.ARM.Collect$$$$00000001) for _main_stk
    entry2.o(.ARM.Collect$$$$00000001) refers to entry2.o(.ARM.Collect$$$$00002712) for __lit__00000000
    entry2.o(.ARM.Collect$$$$00002712) refers to startup_stm32f103xb.o(STACK) for __initial_sp
    entry2.o(__vectab_stack_and_reset_area) refers to startup_stm32f103xb.o(STACK) for __initial_sp
    entry2.o(__vectab_stack_and_reset_area) refers to entry.o(.ARM.Collect$$$$00000000) for __main
    entry5.o(.ARM.Collect$$$$00000004) refers to init.o(.text) for __scatterload
    entry9a.o(.ARM.Collect$$$$0000000B) refers to main.o(i.main) for main
    entry9b.o(.ARM.Collect$$$$0000000C) refers to main.o(i.main) for main
    init.o(.text) refers to entry5.o(.ARM.Collect$$$$00000004) for __main_after_scatterload


==============================================================================

Removing Unused input sections from the image.

    Removing startup_stm32f103xb.o(HEAP), (512 bytes).
    Removing main.o(.rev16_text), (4 bytes).
    Removing main.o(.revsh_text), (4 bytes).
    Removing main.o(.rrx_text), (6 bytes).
    Removing main.o(i.Delay_ms), (20 bytes).
    Removing main.o(i.TimingDelay_Decrement), (20 bytes).
    Removing main.o(i._Error_Handler), (2 bytes).
    Removing main.o(.bss), (16 bytes).
    Removing main.o(.bss), (16 bytes).
    Removing main.o(.data), (1 bytes).
    Removing main.o(.data), (4 bytes).
    Removing stm32f1xx_hal_msp.o(.rev16_text), (4 bytes).
    Removing stm32f1xx_hal_msp.o(.revsh_text), (4 bytes).
    Removing stm32f1xx_hal_msp.o(.rrx_text), (6 bytes).
    Removing stm32f1xx_hal_msp.o(i.HAL_USART_MspDeInit), (44 bytes).
    Removing stm32f1xx_it.o(.rev16_text), (4 bytes).
    Removing stm32f1xx_it.o(.revsh_text), (4 bytes).
    Removing stm32f1xx_it.o(.rrx_text), (6 bytes).
    Removing nokia_5110.o(.rev16_text), (4 bytes).
    Removing nokia_5110.o(.revsh_text), (4 bytes).
    Removing nokia_5110.o(.rrx_text), (6 bytes).
    Removing nokia_5110.o(i.nDelay), (14 bytes).
    Removing hinh_anh.o(.rev16_text), (4 bytes).
    Removing hinh_anh.o(.revsh_text), (4 bytes).
    Removing hinh_anh.o(.rrx_text), (6 bytes).
    Removing stm32f1xx_hal_flash.o(.rev16_text), (4 bytes).
    Removing stm32f1xx_hal_flash.o(.revsh_text), (4 bytes).
    Removing stm32f1xx_hal_flash.o(.rrx_text), (6 bytes).
    Removing stm32f1xx_hal_flash.o(i.FLASH_Program_HalfWord), (28 bytes).
    Removing stm32f1xx_hal_flash.o(i.FLASH_SetErrorCode), (92 bytes).
    Removing stm32f1xx_hal_flash.o(i.FLASH_WaitForLastOperation), (84 bytes).
    Removing stm32f1xx_hal_flash.o(i.HAL_FLASH_EndOfOperationCallback), (2 bytes).
    Removing stm32f1xx_hal_flash.o(i.HAL_FLASH_GetError), (12 bytes).
    Removing stm32f1xx_hal_flash.o(i.HAL_FLASH_IRQHandler), (260 bytes).
    Removing stm32f1xx_hal_flash.o(i.HAL_FLASH_Lock), (20 bytes).
    Removing stm32f1xx_hal_flash.o(i.HAL_FLASH_OB_Launch), (4 bytes).
    Removing stm32f1xx_hal_flash.o(i.HAL_FLASH_OB_Lock), (20 bytes).
    Removing stm32f1xx_hal_flash.o(i.HAL_FLASH_OB_Unlock), (36 bytes).
    Removing stm32f1xx_hal_flash.o(i.HAL_FLASH_OperationErrorCallback), (2 bytes).
    Removing stm32f1xx_hal_flash.o(i.HAL_FLASH_Program), (128 bytes).
    Removing stm32f1xx_hal_flash.o(i.HAL_FLASH_Program_IT), (100 bytes).
    Removing stm32f1xx_hal_flash.o(i.HAL_FLASH_Unlock), (36 bytes).
    Removing stm32f1xx_hal_flash.o(.bss), (32 bytes).
    Removing stm32f1xx_hal.o(.rev16_text), (4 bytes).
    Removing stm32f1xx_hal.o(.revsh_text), (4 bytes).
    Removing stm32f1xx_hal.o(.rrx_text), (6 bytes).
    Removing stm32f1xx_hal.o(i.HAL_DBGMCU_DisableDBGSleepMode), (16 bytes).
    Removing stm32f1xx_hal.o(i.HAL_DBGMCU_DisableDBGStandbyMode), (16 bytes).
    Removing stm32f1xx_hal.o(i.HAL_DBGMCU_DisableDBGStopMode), (16 bytes).
    Removing stm32f1xx_hal.o(i.HAL_DBGMCU_EnableDBGSleepMode), (16 bytes).
    Removing stm32f1xx_hal.o(i.HAL_DBGMCU_EnableDBGStandbyMode), (16 bytes).
    Removing stm32f1xx_hal.o(i.HAL_DBGMCU_EnableDBGStopMode), (16 bytes).
    Removing stm32f1xx_hal.o(i.HAL_DeInit), (32 bytes).
    Removing stm32f1xx_hal.o(i.HAL_GetDEVID), (16 bytes).
    Removing stm32f1xx_hal.o(i.HAL_GetHalVersion), (8 bytes).
    Removing stm32f1xx_hal.o(i.HAL_GetREVID), (12 bytes).
    Removing stm32f1xx_hal.o(i.HAL_GetUID), (28 bytes).
    Removing stm32f1xx_hal.o(i.HAL_MspDeInit), (2 bytes).
    Removing stm32f1xx_hal.o(i.HAL_MspInit), (2 bytes).
    Removing stm32f1xx_hal.o(i.HAL_ResumeTick), (14 bytes).
    Removing stm32f1xx_hal.o(i.HAL_SuspendTick), (14 bytes).
    Removing stm32f1xx_hal_tim_ex.o(.rev16_text), (4 bytes).
    Removing stm32f1xx_hal_tim_ex.o(.revsh_text), (4 bytes).
    Removing stm32f1xx_hal_tim_ex.o(.rrx_text), (6 bytes).
    Removing stm32f1xx_hal_gpio.o(.rev16_text), (4 bytes).
    Removing stm32f1xx_hal_gpio.o(.revsh_text), (4 bytes).
    Removing stm32f1xx_hal_gpio.o(.rrx_text), (6 bytes).
    Removing stm32f1xx_hal_gpio.o(i.HAL_GPIO_DeInit), (228 bytes).
    Removing stm32f1xx_hal_gpio.o(i.HAL_GPIO_EXTI_Callback), (2 bytes).
    Removing stm32f1xx_hal_gpio.o(i.HAL_GPIO_EXTI_IRQHandler), (24 bytes).
    Removing stm32f1xx_hal_gpio.o(i.HAL_GPIO_LockPin), (34 bytes).
    Removing stm32f1xx_hal_gpio.o(i.HAL_GPIO_ReadPin), (10 bytes).
    Removing stm32f1xx_hal_gpio.o(i.HAL_GPIO_TogglePin), (8 bytes).
    Removing stm32f1xx_hal_flash_ex.o(.rev16_text), (4 bytes).
    Removing stm32f1xx_hal_flash_ex.o(.revsh_text), (4 bytes).
    Removing stm32f1xx_hal_flash_ex.o(.rrx_text), (6 bytes).
    Removing stm32f1xx_hal_flash_ex.o(i.FLASH_MassErase), (36 bytes).
    Removing stm32f1xx_hal_flash_ex.o(i.FLASH_OB_DisableWRP), (176 bytes).
    Removing stm32f1xx_hal_flash_ex.o(i.FLASH_OB_EnableWRP), (176 bytes).
    Removing stm32f1xx_hal_flash_ex.o(i.FLASH_OB_GetRDP), (24 bytes).
    Removing stm32f1xx_hal_flash_ex.o(i.FLASH_OB_RDP_LevelConfig), (100 bytes).
    Removing stm32f1xx_hal_flash_ex.o(i.FLASH_PageErase), (36 bytes).
    Removing stm32f1xx_hal_flash_ex.o(i.HAL_FLASHEx_Erase), (168 bytes).
    Removing stm32f1xx_hal_flash_ex.o(i.HAL_FLASHEx_Erase_IT), (84 bytes).
    Removing stm32f1xx_hal_flash_ex.o(i.HAL_FLASHEx_OBErase), (84 bytes).
    Removing stm32f1xx_hal_flash_ex.o(i.HAL_FLASHEx_OBGetConfig), (36 bytes).
    Removing stm32f1xx_hal_flash_ex.o(i.HAL_FLASHEx_OBGetUserData), (32 bytes).
    Removing stm32f1xx_hal_flash_ex.o(i.HAL_FLASHEx_OBProgram), (200 bytes).
    Removing stm32f1xx_hal_rcc.o(.rev16_text), (4 bytes).
    Removing stm32f1xx_hal_rcc.o(.revsh_text), (4 bytes).
    Removing stm32f1xx_hal_rcc.o(.rrx_text), (6 bytes).
    Removing stm32f1xx_hal_rcc.o(i.HAL_RCC_CSSCallback), (2 bytes).
    Removing stm32f1xx_hal_rcc.o(i.HAL_RCC_DeInit), (68 bytes).
    Removing stm32f1xx_hal_rcc.o(i.HAL_RCC_DisableCSS), (12 bytes).
    Removing stm32f1xx_hal_rcc.o(i.HAL_RCC_EnableCSS), (12 bytes).
    Removing stm32f1xx_hal_rcc.o(i.HAL_RCC_GetClockConfig), (64 bytes).
    Removing stm32f1xx_hal_rcc.o(i.HAL_RCC_GetOscConfig), (144 bytes).
    Removing stm32f1xx_hal_rcc.o(i.HAL_RCC_MCOConfig), (72 bytes).
    Removing stm32f1xx_hal_rcc.o(i.HAL_RCC_NMI_IRQHandler), (24 bytes).
    Removing stm32f1xx_hal_rcc_ex.o(.rev16_text), (4 bytes).
    Removing stm32f1xx_hal_rcc_ex.o(.revsh_text), (4 bytes).
    Removing stm32f1xx_hal_rcc_ex.o(.rrx_text), (6 bytes).
    Removing stm32f1xx_hal_rcc_ex.o(i.HAL_RCCEx_GetPeriphCLKConfig), (44 bytes).
    Removing stm32f1xx_hal_rcc_ex.o(i.HAL_RCCEx_GetPeriphCLKFreq), (200 bytes).
    Removing stm32f1xx_hal_rcc_ex.o(i.HAL_RCCEx_PeriphCLKConfig), (236 bytes).
    Removing stm32f1xx_hal_gpio_ex.o(.rev16_text), (4 bytes).
    Removing stm32f1xx_hal_gpio_ex.o(.revsh_text), (4 bytes).
    Removing stm32f1xx_hal_gpio_ex.o(.rrx_text), (6 bytes).
    Removing stm32f1xx_hal_gpio_ex.o(i.HAL_GPIOEx_ConfigEventout), (20 bytes).
    Removing stm32f1xx_hal_gpio_ex.o(i.HAL_GPIOEx_DisableEventout), (16 bytes).
    Removing stm32f1xx_hal_gpio_ex.o(i.HAL_GPIOEx_EnableEventout), (16 bytes).
    Removing stm32f1xx_hal_pwr.o(.rev16_text), (4 bytes).
    Removing stm32f1xx_hal_pwr.o(.revsh_text), (4 bytes).
    Removing stm32f1xx_hal_pwr.o(.rrx_text), (6 bytes).
    Removing stm32f1xx_hal_pwr.o(i.HAL_PWR_ConfigPVD), (124 bytes).
    Removing stm32f1xx_hal_pwr.o(i.HAL_PWR_DeInit), (24 bytes).
    Removing stm32f1xx_hal_pwr.o(i.HAL_PWR_DisableBkUpAccess), (12 bytes).
    Removing stm32f1xx_hal_pwr.o(i.HAL_PWR_DisablePVD), (12 bytes).
    Removing stm32f1xx_hal_pwr.o(i.HAL_PWR_DisableSEVOnPend), (16 bytes).
    Removing stm32f1xx_hal_pwr.o(i.HAL_PWR_DisableSleepOnExit), (16 bytes).
    Removing stm32f1xx_hal_pwr.o(i.HAL_PWR_DisableWakeUpPin), (28 bytes).
    Removing stm32f1xx_hal_pwr.o(i.HAL_PWR_EnableBkUpAccess), (12 bytes).
    Removing stm32f1xx_hal_pwr.o(i.HAL_PWR_EnablePVD), (12 bytes).
    Removing stm32f1xx_hal_pwr.o(i.HAL_PWR_EnableSEVOnPend), (16 bytes).
    Removing stm32f1xx_hal_pwr.o(i.HAL_PWR_EnableSleepOnExit), (16 bytes).
    Removing stm32f1xx_hal_pwr.o(i.HAL_PWR_EnableWakeUpPin), (28 bytes).
    Removing stm32f1xx_hal_pwr.o(i.HAL_PWR_EnterSLEEPMode), (32 bytes).
    Removing stm32f1xx_hal_pwr.o(i.HAL_PWR_EnterSTANDBYMode), (32 bytes).
    Removing stm32f1xx_hal_pwr.o(i.HAL_PWR_EnterSTOPMode), (68 bytes).
    Removing stm32f1xx_hal_pwr.o(i.HAL_PWR_PVDCallback), (2 bytes).
    Removing stm32f1xx_hal_pwr.o(i.HAL_PWR_PVD_IRQHandler), (28 bytes).
    Removing stm32f1xx_hal_pwr.o(i.PWR_OverloadWfe), (6 bytes).
    Removing stm32f1xx_hal_dma.o(.rev16_text), (4 bytes).
    Removing stm32f1xx_hal_dma.o(.revsh_text), (4 bytes).
    Removing stm32f1xx_hal_dma.o(.rrx_text), (6 bytes).
    Removing stm32f1xx_hal_dma.o(i.DMA_SetConfig), (42 bytes).
    Removing stm32f1xx_hal_dma.o(i.HAL_DMA_Abort), (48 bytes).
    Removing stm32f1xx_hal_dma.o(i.HAL_DMA_Abort_IT), (152 bytes).
    Removing stm32f1xx_hal_dma.o(i.HAL_DMA_DeInit), (84 bytes).
    Removing stm32f1xx_hal_dma.o(i.HAL_DMA_GetError), (4 bytes).
    Removing stm32f1xx_hal_dma.o(i.HAL_DMA_GetState), (6 bytes).
    Removing stm32f1xx_hal_dma.o(i.HAL_DMA_IRQHandler), (340 bytes).
    Removing stm32f1xx_hal_dma.o(i.HAL_DMA_Init), (100 bytes).
    Removing stm32f1xx_hal_dma.o(i.HAL_DMA_PollForTransfer), (532 bytes).
    Removing stm32f1xx_hal_dma.o(i.HAL_DMA_RegisterCallback), (74 bytes).
    Removing stm32f1xx_hal_dma.o(i.HAL_DMA_Start), (80 bytes).
    Removing stm32f1xx_hal_dma.o(i.HAL_DMA_Start_IT), (112 bytes).
    Removing stm32f1xx_hal_dma.o(i.HAL_DMA_UnRegisterCallback), (82 bytes).
    Removing stm32f1xx_hal_cortex.o(.rev16_text), (4 bytes).
    Removing stm32f1xx_hal_cortex.o(.revsh_text), (4 bytes).
    Removing stm32f1xx_hal_cortex.o(.rrx_text), (6 bytes).
    Removing stm32f1xx_hal_cortex.o(i.HAL_NVIC_ClearPendingIRQ), (22 bytes).
    Removing stm32f1xx_hal_cortex.o(i.HAL_NVIC_DisableIRQ), (22 bytes).
    Removing stm32f1xx_hal_cortex.o(i.HAL_NVIC_EnableIRQ), (22 bytes).
    Removing stm32f1xx_hal_cortex.o(i.HAL_NVIC_GetActive), (32 bytes).
    Removing stm32f1xx_hal_cortex.o(i.HAL_NVIC_GetPendingIRQ), (32 bytes).
    Removing stm32f1xx_hal_cortex.o(i.HAL_NVIC_GetPriority), (82 bytes).
    Removing stm32f1xx_hal_cortex.o(i.HAL_NVIC_GetPriorityGrouping), (16 bytes).
    Removing stm32f1xx_hal_cortex.o(i.HAL_NVIC_SetPendingIRQ), (22 bytes).
    Removing stm32f1xx_hal_cortex.o(i.HAL_NVIC_SystemReset), (36 bytes).
    Removing stm32f1xx_hal_usart.o(.rev16_text), (4 bytes).
    Removing stm32f1xx_hal_usart.o(.revsh_text), (4 bytes).
    Removing stm32f1xx_hal_usart.o(.rrx_text), (6 bytes).
    Removing stm32f1xx_hal_usart.o(i.HAL_USART_Abort), (100 bytes).
    Removing stm32f1xx_hal_usart.o(i.HAL_USART_AbortCpltCallback), (2 bytes).
    Removing stm32f1xx_hal_usart.o(i.HAL_USART_Abort_IT), (168 bytes).
    Removing stm32f1xx_hal_usart.o(i.HAL_USART_DMAPause), (38 bytes).
    Removing stm32f1xx_hal_usart.o(i.HAL_USART_DMAResume), (38 bytes).
    Removing stm32f1xx_hal_usart.o(i.HAL_USART_DMAStop), (92 bytes).
    Removing stm32f1xx_hal_usart.o(i.HAL_USART_DeInit), (36 bytes).
    Removing stm32f1xx_hal_usart.o(i.HAL_USART_ErrorCallback), (2 bytes).
    Removing stm32f1xx_hal_usart.o(i.HAL_USART_GetError), (4 bytes).
    Removing stm32f1xx_hal_usart.o(i.HAL_USART_GetState), (6 bytes).
    Removing stm32f1xx_hal_usart.o(i.HAL_USART_IRQHandler), (320 bytes).
    Removing stm32f1xx_hal_usart.o(i.HAL_USART_MspDeInit), (2 bytes).
    Removing stm32f1xx_hal_usart.o(i.HAL_USART_MspInit), (2 bytes).
    Removing stm32f1xx_hal_usart.o(i.HAL_USART_Receive), (234 bytes).
    Removing stm32f1xx_hal_usart.o(i.HAL_USART_Receive_DMA), (196 bytes).
    Removing stm32f1xx_hal_usart.o(i.HAL_USART_Receive_IT), (90 bytes).
    Removing stm32f1xx_hal_usart.o(i.HAL_USART_RxCpltCallback), (2 bytes).
    Removing stm32f1xx_hal_usart.o(i.HAL_USART_RxHalfCpltCallback), (2 bytes).
    Removing stm32f1xx_hal_usart.o(i.HAL_USART_Transmit), (186 bytes).
    Removing stm32f1xx_hal_usart.o(i.HAL_USART_TransmitReceive), (270 bytes).
    Removing stm32f1xx_hal_usart.o(i.HAL_USART_TransmitReceive_DMA), (216 bytes).
    Removing stm32f1xx_hal_usart.o(i.HAL_USART_TransmitReceive_IT), (102 bytes).
    Removing stm32f1xx_hal_usart.o(i.HAL_USART_Transmit_DMA), (128 bytes).
    Removing stm32f1xx_hal_usart.o(i.HAL_USART_Transmit_IT), (62 bytes).
    Removing stm32f1xx_hal_usart.o(i.HAL_USART_TxCpltCallback), (2 bytes).
    Removing stm32f1xx_hal_usart.o(i.HAL_USART_TxHalfCpltCallback), (2 bytes).
    Removing stm32f1xx_hal_usart.o(i.HAL_USART_TxRxCpltCallback), (2 bytes).
    Removing stm32f1xx_hal_usart.o(i.USART_DMAAbortOnError), (16 bytes).
    Removing stm32f1xx_hal_usart.o(i.USART_DMAError), (80 bytes).
    Removing stm32f1xx_hal_usart.o(i.USART_DMAReceiveCplt), (96 bytes).
    Removing stm32f1xx_hal_usart.o(i.USART_DMARxAbortCallback), (38 bytes).
    Removing stm32f1xx_hal_usart.o(i.USART_DMARxHalfCplt), (10 bytes).
    Removing stm32f1xx_hal_usart.o(i.USART_DMATransmitCplt), (62 bytes).
    Removing stm32f1xx_hal_usart.o(i.USART_DMATxAbortCallback), (38 bytes).
    Removing stm32f1xx_hal_usart.o(i.USART_DMATxHalfCplt), (10 bytes).
    Removing stm32f1xx_hal_usart.o(i.USART_EndRxTransfer), (28 bytes).
    Removing stm32f1xx_hal_usart.o(i.USART_EndTxTransfer), (18 bytes).
    Removing stm32f1xx_hal_usart.o(i.USART_Receive_IT), (176 bytes).
    Removing stm32f1xx_hal_usart.o(i.USART_TransmitReceive_IT), (232 bytes).
    Removing stm32f1xx_hal_usart.o(i.USART_Transmit_IT), (98 bytes).
    Removing stm32f1xx_hal_usart.o(i.USART_WaitOnFlagUntilTimeout), (116 bytes).
    Removing stm32f1xx_hal_tim.o(.rev16_text), (4 bytes).
    Removing stm32f1xx_hal_tim.o(.revsh_text), (4 bytes).
    Removing stm32f1xx_hal_tim.o(.rrx_text), (6 bytes).
    Removing system_stm32f1xx.o(.rev16_text), (4 bytes).
    Removing system_stm32f1xx.o(.revsh_text), (4 bytes).
    Removing system_stm32f1xx.o(.rrx_text), (6 bytes).
    Removing system_stm32f1xx.o(i.SystemCoreClockUpdate), (104 bytes).

211 unused section(s) (total 10235 bytes) removed from the image.

==============================================================================

Image Symbol Table

    Local Symbols

    Symbol Name                              Value     Ov Type        Size  Object(Section)

    ../Drivers/STM32F1xx_HAL_Driver/Src/stm32f1xx_hal.c 0x00000000   Number         0  stm32f1xx_hal.o ABSOLUTE
    ../Drivers/STM32F1xx_HAL_Driver/Src/stm32f1xx_hal_cortex.c 0x00000000   Number         0  stm32f1xx_hal_cortex.o ABSOLUTE
    ../Drivers/STM32F1xx_HAL_Driver/Src/stm32f1xx_hal_dma.c 0x00000000   Number         0  stm32f1xx_hal_dma.o ABSOLUTE
    ../Drivers/STM32F1xx_HAL_Driver/Src/stm32f1xx_hal_flash.c 0x00000000   Number         0  stm32f1xx_hal_flash.o ABSOLUTE
    ../Drivers/STM32F1xx_HAL_Driver/Src/stm32f1xx_hal_flash_ex.c 0x00000000   Number         0  stm32f1xx_hal_flash_ex.o ABSOLUTE
    ../Drivers/STM32F1xx_HAL_Driver/Src/stm32f1xx_hal_gpio.c 0x00000000   Number         0  stm32f1xx_hal_gpio.o ABSOLUTE
    ../Drivers/STM32F1xx_HAL_Driver/Src/stm32f1xx_hal_gpio_ex.c 0x00000000   Number         0  stm32f1xx_hal_gpio_ex.o ABSOLUTE
    ../Drivers/STM32F1xx_HAL_Driver/Src/stm32f1xx_hal_pwr.c 0x00000000   Number         0  stm32f1xx_hal_pwr.o ABSOLUTE
    ../Drivers/STM32F1xx_HAL_Driver/Src/stm32f1xx_hal_rcc.c 0x00000000   Number         0  stm32f1xx_hal_rcc.o ABSOLUTE
    ../Drivers/STM32F1xx_HAL_Driver/Src/stm32f1xx_hal_rcc_ex.c 0x00000000   Number         0  stm32f1xx_hal_rcc_ex.o ABSOLUTE
    ../Drivers/STM32F1xx_HAL_Driver/Src/stm32f1xx_hal_tim.c 0x00000000   Number         0  stm32f1xx_hal_tim.o ABSOLUTE
    ../Drivers/STM32F1xx_HAL_Driver/Src/stm32f1xx_hal_tim_ex.c 0x00000000   Number         0  stm32f1xx_hal_tim_ex.o ABSOLUTE
    ../Drivers/STM32F1xx_HAL_Driver/Src/stm32f1xx_hal_usart.c 0x00000000   Number         0  stm32f1xx_hal_usart.o ABSOLUTE
    ../Src/main.c                            0x00000000   Number         0  main.o ABSOLUTE
    ../Src/stm32f1xx_hal_msp.c               0x00000000   Number         0  stm32f1xx_hal_msp.o ABSOLUTE
    ../Src/stm32f1xx_it.c                    0x00000000   Number         0  stm32f1xx_it.o ABSOLUTE
    ../Src/system_stm32f1xx.c                0x00000000   Number         0  system_stm32f1xx.o ABSOLUTE
    ../clib/../cmprslib/zerorunl2.c          0x00000000   Number         0  __dczerorl2.o ABSOLUTE
    ../clib/microlib/init/entry.s            0x00000000   Number         0  entry10b.o ABSOLUTE
    ../clib/microlib/init/entry.s            0x00000000   Number         0  entry11a.o ABSOLUTE
    ../clib/microlib/init/entry.s            0x00000000   Number         0  entry11b.o ABSOLUTE
    ../clib/microlib/init/entry.s            0x00000000   Number         0  entry9a.o ABSOLUTE
    ../clib/microlib/init/entry.s            0x00000000   Number         0  entry2.o ABSOLUTE
    ../clib/microlib/init/entry.s            0x00000000   Number         0  entry.o ABSOLUTE
    ../clib/microlib/init/entry.s            0x00000000   Number         0  entry5.o ABSOLUTE
    ../clib/microlib/init/entry.s            0x00000000   Number         0  entry8a.o ABSOLUTE
    ../clib/microlib/init/entry.s            0x00000000   Number         0  entry7a.o ABSOLUTE
    ../clib/microlib/init/entry.s            0x00000000   Number         0  entry7b.o ABSOLUTE
    ../clib/microlib/init/entry.s            0x00000000   Number         0  entry9b.o ABSOLUTE
    ../clib/microlib/init/entry.s            0x00000000   Number         0  entry8b.o ABSOLUTE
    ../clib/microlib/init/entry.s            0x00000000   Number         0  entry10a.o ABSOLUTE
    ../clib/microlib/longlong.c              0x00000000   Number         0  llushr.o ABSOLUTE
    ..\Drivers\STM32F1xx_HAL_Driver\Src\stm32f1xx_hal.c 0x00000000   Number         0  stm32f1xx_hal.o ABSOLUTE
    ..\Drivers\STM32F1xx_HAL_Driver\Src\stm32f1xx_hal_cortex.c 0x00000000   Number         0  stm32f1xx_hal_cortex.o ABSOLUTE
    ..\Drivers\STM32F1xx_HAL_Driver\Src\stm32f1xx_hal_dma.c 0x00000000   Number         0  stm32f1xx_hal_dma.o ABSOLUTE
    ..\Drivers\STM32F1xx_HAL_Driver\Src\stm32f1xx_hal_flash.c 0x00000000   Number         0  stm32f1xx_hal_flash.o ABSOLUTE
    ..\Drivers\STM32F1xx_HAL_Driver\Src\stm32f1xx_hal_flash_ex.c 0x00000000   Number         0  stm32f1xx_hal_flash_ex.o ABSOLUTE
    ..\Drivers\STM32F1xx_HAL_Driver\Src\stm32f1xx_hal_gpio.c 0x00000000   Number         0  stm32f1xx_hal_gpio.o ABSOLUTE
    ..\Drivers\STM32F1xx_HAL_Driver\Src\stm32f1xx_hal_gpio_ex.c 0x00000000   Number         0  stm32f1xx_hal_gpio_ex.o ABSOLUTE
    ..\Drivers\STM32F1xx_HAL_Driver\Src\stm32f1xx_hal_pwr.c 0x00000000   Number         0  stm32f1xx_hal_pwr.o ABSOLUTE
    ..\Drivers\STM32F1xx_HAL_Driver\Src\stm32f1xx_hal_rcc.c 0x00000000   Number         0  stm32f1xx_hal_rcc.o ABSOLUTE
    ..\Drivers\STM32F1xx_HAL_Driver\Src\stm32f1xx_hal_rcc_ex.c 0x00000000   Number         0  stm32f1xx_hal_rcc_ex.o ABSOLUTE
    ..\Drivers\STM32F1xx_HAL_Driver\Src\stm32f1xx_hal_tim.c 0x00000000   Number         0  stm32f1xx_hal_tim.o ABSOLUTE
    ..\Drivers\STM32F1xx_HAL_Driver\Src\stm32f1xx_hal_tim_ex.c 0x00000000   Number         0  stm32f1xx_hal_tim_ex.o ABSOLUTE
    ..\Drivers\STM32F1xx_HAL_Driver\Src\stm32f1xx_hal_usart.c 0x00000000   Number         0  stm32f1xx_hal_usart.o ABSOLUTE
    ..\Src\Nokia_5110_mem\HINH_ANH\hinh_anh.c 0x00000000   Number         0  hinh_anh.o ABSOLUTE
    ..\Src\Nokia_5110_mem\nokia_5110.c       0x00000000   Number         0  nokia_5110.o ABSOLUTE
    ..\Src\main.c                            0x00000000   Number         0  main.o ABSOLUTE
    ..\Src\stm32f1xx_hal_msp.c               0x00000000   Number         0  stm32f1xx_hal_msp.o ABSOLUTE
    ..\Src\stm32f1xx_it.c                    0x00000000   Number         0  stm32f1xx_it.o ABSOLUTE
    ..\Src\system_stm32f1xx.c                0x00000000   Number         0  system_stm32f1xx.o ABSOLUTE
    ..\\Src\\Nokia_5110_mem\\HINH_ANH\\hinh_anh.c 0x00000000   Number         0  hinh_anh.o ABSOLUTE
    ..\\Src\\Nokia_5110_mem\\nokia_5110.c    0x00000000   Number         0  nokia_5110.o ABSOLUTE
    dc.s                                     0x00000000   Number         0  dc.o ABSOLUTE
    handlers.s                               0x00000000   Number         0  handlers.o ABSOLUTE
    init.s                                   0x00000000   Number         0  init.o ABSOLUTE
    startup_stm32f103xb.s                    0x00000000   Number         0  startup_stm32f103xb.o ABSOLUTE
    RESET                                    0x08000000   Section      236  startup_stm32f103xb.o(RESET)
    .ARM.Collect$$$$00000000                 0x080000ec   Section        0  entry.o(.ARM.Collect$$$$00000000)
    .ARM.Collect$$$$00000001                 0x080000ec   Section        4  entry2.o(.ARM.Collect$$$$00000001)
    .ARM.Collect$$$$00000004                 0x080000f0   Section        4  entry5.o(.ARM.Collect$$$$00000004)
    .ARM.Collect$$$$00000008                 0x080000f4   Section        0  entry7b.o(.ARM.Collect$$$$00000008)
    .ARM.Collect$$$$0000000A                 0x080000f4   Section        0  entry8b.o(.ARM.Collect$$$$0000000A)
    .ARM.Collect$$$$0000000B                 0x080000f4   Section        8  entry9a.o(.ARM.Collect$$$$0000000B)
    .ARM.Collect$$$$0000000D                 0x080000fc   Section        0  entry10a.o(.ARM.Collect$$$$0000000D)
    .ARM.Collect$$$$0000000F                 0x080000fc   Section        0  entry11a.o(.ARM.Collect$$$$0000000F)
    .ARM.Collect$$$$00002712                 0x080000fc   Section        4  entry2.o(.ARM.Collect$$$$00002712)
    __lit__00000000                          0x080000fc   Data           4  entry2.o(.ARM.Collect$$$$00002712)
    .text                                    0x08000100   Section       36  startup_stm32f103xb.o(.text)
    .text                                    0x08000124   Section       36  init.o(.text)
    .text                                    0x08000148   Section        0  __dczerorl2.o(.text)
    i.BusFault_Handler                       0x0800019e   Section        0  stm32f1xx_it.o(i.BusFault_Handler)
    i.DebugMon_Handler                       0x080001a0   Section        0  stm32f1xx_it.o(i.DebugMon_Handler)
    i.Delay                                  0x080001a4   Section        0  main.o(i.Delay)
    i.HAL_Delay                              0x080001c0   Section        0  stm32f1xx_hal.o(i.HAL_Delay)
    i.HAL_GPIO_Init                          0x080001dc   Section        0  stm32f1xx_hal_gpio.o(i.HAL_GPIO_Init)
    i.HAL_GPIO_WritePin                      0x08000398   Section        0  stm32f1xx_hal_gpio.o(i.HAL_GPIO_WritePin)
    i.HAL_GetTick                            0x080003a4   Section        0  stm32f1xx_hal.o(i.HAL_GetTick)
    i.HAL_IncTick                            0x080003b0   Section        0  stm32f1xx_hal.o(i.HAL_IncTick)
    i.HAL_Init                               0x080003c0   Section        0  stm32f1xx_hal.o(i.HAL_Init)
    i.HAL_InitTick                           0x080003e4   Section        0  stm32f1xx_hal.o(i.HAL_InitTick)
    i.HAL_MspInit                            0x0800040c   Section        0  stm32f1xx_hal_msp.o(i.HAL_MspInit)
    i.HAL_NVIC_SetPriority                   0x08000490   Section        0  stm32f1xx_hal_cortex.o(i.HAL_NVIC_SetPriority)
    i.HAL_NVIC_SetPriorityGrouping           0x080004d0   Section        0  stm32f1xx_hal_cortex.o(i.HAL_NVIC_SetPriorityGrouping)
    i.HAL_RCC_ClockConfig                    0x080004f4   Section        0  stm32f1xx_hal_rcc.o(i.HAL_RCC_ClockConfig)
    i.HAL_RCC_GetHCLKFreq                    0x08000648   Section        0  stm32f1xx_hal_rcc.o(i.HAL_RCC_GetHCLKFreq)
    i.HAL_RCC_GetPCLK1Freq                   0x08000654   Section        0  stm32f1xx_hal_rcc.o(i.HAL_RCC_GetPCLK1Freq)
    i.HAL_RCC_GetPCLK2Freq                   0x08000674   Section        0  stm32f1xx_hal_rcc.o(i.HAL_RCC_GetPCLK2Freq)
    i.HAL_RCC_GetSysClockFreq                0x08000694   Section        0  stm32f1xx_hal_rcc.o(i.HAL_RCC_GetSysClockFreq)
    i.HAL_RCC_OscConfig                      0x08000700   Section        0  stm32f1xx_hal_rcc.o(i.HAL_RCC_OscConfig)
    i.HAL_SYSTICK_CLKSourceConfig            0x08000a04   Section        0  stm32f1xx_hal_cortex.o(i.HAL_SYSTICK_CLKSourceConfig)
    i.HAL_SYSTICK_Callback                   0x08000a1c   Section        0  stm32f1xx_hal_cortex.o(i.HAL_SYSTICK_Callback)
    i.HAL_SYSTICK_Config                     0x08000a1e   Section        0  stm32f1xx_hal_cortex.o(i.HAL_SYSTICK_Config)
    i.HAL_SYSTICK_IRQHandler                 0x08000a46   Section        0  stm32f1xx_hal_cortex.o(i.HAL_SYSTICK_IRQHandler)
    i.HAL_USART_Init                         0x08000a4e   Section        0  stm32f1xx_hal_usart.o(i.HAL_USART_Init)
    i.HAL_USART_MspInit                      0x08000aa4   Section        0  stm32f1xx_hal_msp.o(i.HAL_USART_MspInit)
    i.HardFault_Handler                      0x08000afc   Section        0  stm32f1xx_it.o(i.HardFault_Handler)
    i.LCDBitmap                              0x08000afe   Section        0  nokia_5110.o(i.LCDBitmap)
    i.LCDCharacter                           0x08000b18   Section        0  nokia_5110.o(i.LCDCharacter)
    i.LCDClear                               0x08000b50   Section        0  nokia_5110.o(i.LCDClear)
    i.LCDInit                                0x08000b74   Section        0  nokia_5110.o(i.LCDInit)
    i.LCDString                              0x08000c0c   Section        0  nokia_5110.o(i.LCDString)
    i.LCDWrite                               0x08000c20   Section        0  nokia_5110.o(i.LCDWrite)
    i.LCD_GPIO_Init                          0x08000c60   Section        0  nokia_5110.o(i.LCD_GPIO_Init)
    i.MX_GPIO_Init                           0x08000d88   Section        0  main.o(i.MX_GPIO_Init)
    MX_GPIO_Init                             0x08000d89   Thumb Code    92  main.o(i.MX_GPIO_Init)
    i.MX_USART1_Init                         0x08000dec   Section        0  main.o(i.MX_USART1_Init)
    MX_USART1_Init                           0x08000ded   Thumb Code    44  main.o(i.MX_USART1_Init)
    i.MemManage_Handler                      0x08000e20   Section        0  stm32f1xx_it.o(i.MemManage_Handler)
    i.NMI_Handler                            0x08000e22   Section        0  stm32f1xx_it.o(i.NMI_Handler)
    i.NVIC_SetPriority                       0x08000e24   Section        0  stm32f1xx_hal_cortex.o(i.NVIC_SetPriority)
    NVIC_SetPriority                         0x08000e25   Thumb Code    32  stm32f1xx_hal_cortex.o(i.NVIC_SetPriority)
    i.PendSV_Handler                         0x08000e44   Section        0  stm32f1xx_it.o(i.PendSV_Handler)
    i.SVC_Handler                            0x08000e46   Section        0  stm32f1xx_it.o(i.SVC_Handler)
    i.SysTick_Handler                        0x08000e48   Section        0  stm32f1xx_it.o(i.SysTick_Handler)
    i.SystemClock_Config                     0x08000e56   Section        0  main.o(i.SystemClock_Config)
    i.SystemInit                             0x08000ec0   Section        0  system_stm32f1xx.o(i.SystemInit)
    i.USART_SetConfig                        0x08000f08   Section        0  stm32f1xx_hal_usart.o(i.USART_SetConfig)
    USART_SetConfig                          0x08000f09   Thumb Code   242  stm32f1xx_hal_usart.o(i.USART_SetConfig)
    i.UsageFault_Handler                     0x08001000   Section        0  stm32f1xx_it.o(i.UsageFault_Handler)
    i.__scatterload_copy                     0x08001002   Section       14  handlers.o(i.__scatterload_copy)
    i.__scatterload_null                     0x08001010   Section        2  handlers.o(i.__scatterload_null)
    i.__scatterload_zeroinit                 0x08001012   Section       14  handlers.o(i.__scatterload_zeroinit)
    i.gotoXY                                 0x08001020   Section        0  nokia_5110.o(i.gotoXY)
    i.loop                                   0x08001040   Section        0  hinh_anh.o(i.loop)
    i.main                                   0x0800111c   Section        0  main.o(i.main)
    i.shiftOut                               0x080011bc   Section        0  nokia_5110.o(i.shiftOut)
    .constdata                               0x0800121c   Section      480  nokia_5110.o(.constdata)
    ASCII                                    0x0800121c   Data         480  nokia_5110.o(.constdata)
    .constdata                               0x080013fc   Section       16  system_stm32f1xx.o(.constdata)
    .constdata                               0x0800140c   Section        8  system_stm32f1xx.o(.constdata)
    .data                                    0x20000000   Section     2016  hinh_anh.o(.data)
    .data                                    0x200007e0   Section        4  stm32f1xx_hal.o(.data)
    .data                                    0x200007e4   Section        4  system_stm32f1xx.o(.data)
    .bss                                     0x200007e8   Section       68  main.o(.bss)
    STACK                                    0x20000830   Section     1024  startup_stm32f103xb.o(STACK)

    Global Symbols

    Symbol Name                              Value     Ov Type        Size  Object(Section)

    BuildAttributes$$THM_ISAv4$P$D$K$B$S$PE$A:L22UL41UL21$X:L11$S22US41US21$IEEE1$IW$USESV6$~STKCKD$USESV7$~SHL$OSPACE$EBA8$MICROLIB$REQ8$PRES8$EABIv2 0x00000000   Number         0  anon$$obj.o ABSOLUTE
    __ARM_use_no_argv                        0x00000000   Number         0  main.o ABSOLUTE
    __cpp_initialize__aeabi_                  - Undefined Weak Reference
    __cxa_finalize                            - Undefined Weak Reference
    _clock_init                               - Undefined Weak Reference
    _microlib_exit                            - Undefined Weak Reference
    __Vectors_Size                           0x000000ec   Number         0  startup_stm32f103xb.o ABSOLUTE
    __Vectors                                0x08000000   Data           4  startup_stm32f103xb.o(RESET)
    __Vectors_End                            0x080000ec   Data           0  startup_stm32f103xb.o(RESET)
    __main                                   0x080000ed   Thumb Code     0  entry.o(.ARM.Collect$$$$00000000)
    _main_stk                                0x080000ed   Thumb Code     0  entry2.o(.ARM.Collect$$$$00000001)
    _main_scatterload                        0x080000f1   Thumb Code     0  entry5.o(.ARM.Collect$$$$00000004)
    __main_after_scatterload                 0x080000f5   Thumb Code     0  entry5.o(.ARM.Collect$$$$00000004)
    _main_clock                              0x080000f5   Thumb Code     0  entry7b.o(.ARM.Collect$$$$00000008)
    _main_cpp_init                           0x080000f5   Thumb Code     0  entry8b.o(.ARM.Collect$$$$0000000A)
    _main_init                               0x080000f5   Thumb Code     0  entry9a.o(.ARM.Collect$$$$0000000B)
    __rt_final_cpp                           0x080000fd   Thumb Code     0  entry10a.o(.ARM.Collect$$$$0000000D)
    __rt_final_exit                          0x080000fd   Thumb Code     0  entry11a.o(.ARM.Collect$$$$0000000F)
    Reset_Handler                            0x08000101   Thumb Code     8  startup_stm32f103xb.o(.text)
    ADC1_2_IRQHandler                        0x0800011b   Thumb Code     0  startup_stm32f103xb.o(.text)
    CAN1_RX1_IRQHandler                      0x0800011b   Thumb Code     0  startup_stm32f103xb.o(.text)
    CAN1_SCE_IRQHandler                      0x0800011b   Thumb Code     0  startup_stm32f103xb.o(.text)
    DMA1_Channel1_IRQHandler                 0x0800011b   Thumb Code     0  startup_stm32f103xb.o(.text)
    DMA1_Channel2_IRQHandler                 0x0800011b   Thumb Code     0  startup_stm32f103xb.o(.text)
    DMA1_Channel3_IRQHandler                 0x0800011b   Thumb Code     0  startup_stm32f103xb.o(.text)
    DMA1_Channel4_IRQHandler                 0x0800011b   Thumb Code     0  startup_stm32f103xb.o(.text)
    DMA1_Channel5_IRQHandler                 0x0800011b   Thumb Code     0  startup_stm32f103xb.o(.text)
    DMA1_Channel6_IRQHandler                 0x0800011b   Thumb Code     0  startup_stm32f103xb.o(.text)
    DMA1_Channel7_IRQHandler                 0x0800011b   Thumb Code     0  startup_stm32f103xb.o(.text)
    EXTI0_IRQHandler                         0x0800011b   Thumb Code     0  startup_stm32f103xb.o(.text)
    EXTI15_10_IRQHandler                     0x0800011b   Thumb Code     0  startup_stm32f103xb.o(.text)
    EXTI1_IRQHandler                         0x0800011b   Thumb Code     0  startup_stm32f103xb.o(.text)
    EXTI2_IRQHandler                         0x0800011b   Thumb Code     0  startup_stm32f103xb.o(.text)
    EXTI3_IRQHandler                         0x0800011b   Thumb Code     0  startup_stm32f103xb.o(.text)
    EXTI4_IRQHandler                         0x0800011b   Thumb Code     0  startup_stm32f103xb.o(.text)
    EXTI9_5_IRQHandler                       0x0800011b   Thumb Code     0  startup_stm32f103xb.o(.text)
    FLASH_IRQHandler                         0x0800011b   Thumb Code     0  startup_stm32f103xb.o(.text)
    I2C1_ER_IRQHandler                       0x0800011b   Thumb Code     0  startup_stm32f103xb.o(.text)
    I2C1_EV_IRQHandler                       0x0800011b   Thumb Code     0  startup_stm32f103xb.o(.text)
    I2C2_ER_IRQHandler                       0x0800011b   Thumb Code     0  startup_stm32f103xb.o(.text)
    I2C2_EV_IRQHandler                       0x0800011b   Thumb Code     0  startup_stm32f103xb.o(.text)
    PVD_IRQHandler                           0x0800011b   Thumb Code     0  startup_stm32f103xb.o(.text)
    RCC_IRQHandler                           0x0800011b   Thumb Code     0  startup_stm32f103xb.o(.text)
    RTC_Alarm_IRQHandler                     0x0800011b   Thumb Code     0  startup_stm32f103xb.o(.text)
    RTC_IRQHandler                           0x0800011b   Thumb Code     0  startup_stm32f103xb.o(.text)
    SPI1_IRQHandler                          0x0800011b   Thumb Code     0  startup_stm32f103xb.o(.text)
    SPI2_IRQHandler                          0x0800011b   Thumb Code     0  startup_stm32f103xb.o(.text)
    TAMPER_IRQHandler                        0x0800011b   Thumb Code     0  startup_stm32f103xb.o(.text)
    TIM1_BRK_IRQHandler                      0x0800011b   Thumb Code     0  startup_stm32f103xb.o(.text)
    TIM1_CC_IRQHandler                       0x0800011b   Thumb Code     0  startup_stm32f103xb.o(.text)
    TIM1_TRG_COM_IRQHandler                  0x0800011b   Thumb Code     0  startup_stm32f103xb.o(.text)
    TIM1_UP_IRQHandler                       0x0800011b   Thumb Code     0  startup_stm32f103xb.o(.text)
    TIM2_IRQHandler                          0x0800011b   Thumb Code     0  startup_stm32f103xb.o(.text)
    TIM3_IRQHandler                          0x0800011b   Thumb Code     0  startup_stm32f103xb.o(.text)
    TIM4_IRQHandler                          0x0800011b   Thumb Code     0  startup_stm32f103xb.o(.text)
    USART1_IRQHandler                        0x0800011b   Thumb Code     0  startup_stm32f103xb.o(.text)
    USART2_IRQHandler                        0x0800011b   Thumb Code     0  startup_stm32f103xb.o(.text)
    USART3_IRQHandler                        0x0800011b   Thumb Code     0  startup_stm32f103xb.o(.text)
    USBWakeUp_IRQHandler                     0x0800011b   Thumb Code     0  startup_stm32f103xb.o(.text)
    USB_HP_CAN1_TX_IRQHandler                0x0800011b   Thumb Code     0  startup_stm32f103xb.o(.text)
    USB_LP_CAN1_RX0_IRQHandler               0x0800011b   Thumb Code     0  startup_stm32f103xb.o(.text)
    WWDG_IRQHandler                          0x0800011b   Thumb Code     0  startup_stm32f103xb.o(.text)
    __scatterload                            0x08000125   Thumb Code    28  init.o(.text)
    __scatterload_rt2                        0x08000125   Thumb Code     0  init.o(.text)
    __decompress                             0x08000149   Thumb Code     0  __dczerorl2.o(.text)
    __decompress1                            0x08000149   Thumb Code    86  __dczerorl2.o(.text)
    BusFault_Handler                         0x0800019f   Thumb Code     2  stm32f1xx_it.o(i.BusFault_Handler)
    DebugMon_Handler                         0x080001a1   Thumb Code     2  stm32f1xx_it.o(i.DebugMon_Handler)
    Delay                                    0x080001a5   Thumb Code    22  main.o(i.Delay)
    HAL_Delay                                0x080001c1   Thumb Code    28  stm32f1xx_hal.o(i.HAL_Delay)
    HAL_GPIO_Init                            0x080001dd   Thumb Code   408  stm32f1xx_hal_gpio.o(i.HAL_GPIO_Init)
    HAL_GPIO_WritePin                        0x08000399   Thumb Code    10  stm32f1xx_hal_gpio.o(i.HAL_GPIO_WritePin)
    HAL_GetTick                              0x080003a5   Thumb Code     6  stm32f1xx_hal.o(i.HAL_GetTick)
    HAL_IncTick                              0x080003b1   Thumb Code    10  stm32f1xx_hal.o(i.HAL_IncTick)
    HAL_Init                                 0x080003c1   Thumb Code    32  stm32f1xx_hal.o(i.HAL_Init)
    HAL_InitTick                             0x080003e5   Thumb Code    34  stm32f1xx_hal.o(i.HAL_InitTick)
    HAL_MspInit                              0x0800040d   Thumb Code   122  stm32f1xx_hal_msp.o(i.HAL_MspInit)
    HAL_NVIC_SetPriority                     0x08000491   Thumb Code    60  stm32f1xx_hal_cortex.o(i.HAL_NVIC_SetPriority)
    HAL_NVIC_SetPriorityGrouping             0x080004d1   Thumb Code    26  stm32f1xx_hal_cortex.o(i.HAL_NVIC_SetPriorityGrouping)
    HAL_RCC_ClockConfig                      0x080004f5   Thumb Code   322  stm32f1xx_hal_rcc.o(i.HAL_RCC_ClockConfig)
    HAL_RCC_GetHCLKFreq                      0x08000649   Thumb Code     6  stm32f1xx_hal_rcc.o(i.HAL_RCC_GetHCLKFreq)
    HAL_RCC_GetPCLK1Freq                     0x08000655   Thumb Code    20  stm32f1xx_hal_rcc.o(i.HAL_RCC_GetPCLK1Freq)
    HAL_RCC_GetPCLK2Freq                     0x08000675   Thumb Code    20  stm32f1xx_hal_rcc.o(i.HAL_RCC_GetPCLK2Freq)
    HAL_RCC_GetSysClockFreq                  0x08000695   Thumb Code    74  stm32f1xx_hal_rcc.o(i.HAL_RCC_GetSysClockFreq)
    HAL_RCC_OscConfig                        0x08000701   Thumb Code   750  stm32f1xx_hal_rcc.o(i.HAL_RCC_OscConfig)
    HAL_SYSTICK_CLKSourceConfig              0x08000a05   Thumb Code    24  stm32f1xx_hal_cortex.o(i.HAL_SYSTICK_CLKSourceConfig)
    HAL_SYSTICK_Callback                     0x08000a1d   Thumb Code     2  stm32f1xx_hal_cortex.o(i.HAL_SYSTICK_Callback)
    HAL_SYSTICK_Config                       0x08000a1f   Thumb Code    40  stm32f1xx_hal_cortex.o(i.HAL_SYSTICK_Config)
    HAL_SYSTICK_IRQHandler                   0x08000a47   Thumb Code     8  stm32f1xx_hal_cortex.o(i.HAL_SYSTICK_IRQHandler)
    HAL_USART_Init                           0x08000a4f   Thumb Code    84  stm32f1xx_hal_usart.o(i.HAL_USART_Init)
    HAL_USART_MspInit                        0x08000aa5   Thumb Code    76  stm32f1xx_hal_msp.o(i.HAL_USART_MspInit)
    HardFault_Handler                        0x08000afd   Thumb Code     2  stm32f1xx_it.o(i.HardFault_Handler)
    LCDBitmap                                0x08000aff   Thumb Code    26  nokia_5110.o(i.LCDBitmap)
    LCDCharacter                             0x08000b19   Thumb Code    52  nokia_5110.o(i.LCDCharacter)
    LCDClear                                 0x08000b51   Thumb Code    34  nokia_5110.o(i.LCDClear)
    LCDInit                                  0x08000b75   Thumb Code   148  nokia_5110.o(i.LCDInit)
    LCDString                                0x08000c0d   Thumb Code    20  nokia_5110.o(i.LCDString)
    LCDWrite                                 0x08000c21   Thumb Code    58  nokia_5110.o(i.LCDWrite)
    LCD_GPIO_Init                            0x08000c61   Thumb Code   284  nokia_5110.o(i.LCD_GPIO_Init)
    MemManage_Handler                        0x08000e21   Thumb Code     2  stm32f1xx_it.o(i.MemManage_Handler)
    NMI_Handler                              0x08000e23   Thumb Code     2  stm32f1xx_it.o(i.NMI_Handler)
    PendSV_Handler                           0x08000e45   Thumb Code     2  stm32f1xx_it.o(i.PendSV_Handler)
    SVC_Handler                              0x08000e47   Thumb Code     2  stm32f1xx_it.o(i.SVC_Handler)
    SysTick_Handler                          0x08000e49   Thumb Code    14  stm32f1xx_it.o(i.SysTick_Handler)
    SystemClock_Config                       0x08000e57   Thumb Code   104  main.o(i.SystemClock_Config)
    SystemInit                               0x08000ec1   Thumb Code    56  system_stm32f1xx.o(i.SystemInit)
    UsageFault_Handler                       0x08001001   Thumb Code     2  stm32f1xx_it.o(i.UsageFault_Handler)
    __scatterload_copy                       0x08001003   Thumb Code    14  handlers.o(i.__scatterload_copy)
    __scatterload_null                       0x08001011   Thumb Code     2  handlers.o(i.__scatterload_null)
    __scatterload_zeroinit                   0x08001013   Thumb Code    14  handlers.o(i.__scatterload_zeroinit)
    gotoXY                                   0x08001021   Thumb Code    32  nokia_5110.o(i.gotoXY)
    loop                                     0x08001041   Thumb Code   168  hinh_anh.o(i.loop)
    main                                     0x0800111d   Thumb Code   126  main.o(i.main)
    shiftOut                                 0x080011bd   Thumb Code    90  nokia_5110.o(i.shiftOut)
    AHBPrescTable                            0x080013fc   Data          16  system_stm32f1xx.o(.constdata)
    APBPrescTable                            0x0800140c   Data           8  system_stm32f1xx.o(.constdata)
    Region$$Table$$Base                      0x08001414   Number         0  anon$$obj.o(Region$$Table)
    Region$$Table$$Limit                     0x08001434   Number         0  anon$$obj.o(Region$$Table)
    awesome                                  0x20000000   Data         504  hinh_anh.o(.data)
    logo_linhkien69                          0x200001f8   Data         504  hinh_anh.o(.data)
    iotdesigshop                             0x200003f0   Data         504  hinh_anh.o(.data)
    wifibox                                  0x200005e8   Data         504  hinh_anh.o(.data)
    uwTick                                   0x200007e0   Data           4  stm32f1xx_hal.o(.data)
    SystemCoreClock                          0x200007e4   Data           4  system_stm32f1xx.o(.data)
    husart1                                  0x200007e8   Data          68  main.o(.bss)
    __initial_sp                             0x20000c30   Data           0  startup_stm32f103xb.o(STACK)



==============================================================================

Memory Map of the image

  Image Entry point : 0x080000ed

  Load Region LR_IROM1 (Base: 0x08000000, Size: 0x00001c1c, Max: 0x00010000, ABSOLUTE, COMPRESSED[0x00001790])

    Execution Region ER_IROM1 (Base: 0x08000000, Size: 0x00001434, Max: 0x00010000, ABSOLUTE)

    Base Addr    Size         Type   Attr      Idx    E Section Name        Object

    0x08000000   0x000000ec   Data   RO            3    RESET               startup_stm32f103xb.o
    0x080000ec   0x00000000   Code   RO         1621  * .ARM.Collect$$$$00000000  mc_w.l(entry.o)
    0x080000ec   0x00000004   Code   RO         1626    .ARM.Collect$$$$00000001  mc_w.l(entry2.o)
    0x080000f0   0x00000004   Code   RO         1629    .ARM.Collect$$$$00000004  mc_w.l(entry5.o)
    0x080000f4   0x00000000   Code   RO         1631    .ARM.Collect$$$$00000008  mc_w.l(entry7b.o)
    0x080000f4   0x00000000   Code   RO         1633    .ARM.Collect$$$$0000000A  mc_w.l(entry8b.o)
    0x080000f4   0x00000008   Code   RO         1634    .ARM.Collect$$$$0000000B  mc_w.l(entry9a.o)
    0x080000fc   0x00000000   Code   RO         1636    .ARM.Collect$$$$0000000D  mc_w.l(entry10a.o)
    0x080000fc   0x00000000   Code   RO         1638    .ARM.Collect$$$$0000000F  mc_w.l(entry11a.o)
    0x080000fc   0x00000004   Code   RO         1627    .ARM.Collect$$$$00002712  mc_w.l(entry2.o)
    0x08000100   0x00000024   Code   RO            4    .text               startup_stm32f103xb.o
    0x08000124   0x00000024   Code   RO         1640    .text               mc_w.l(init.o)
    0x08000148   0x00000056   Code   RO         1650    .text               mc_w.l(__dczerorl2.o)
    0x0800019e   0x00000002   Code   RO          201    i.BusFault_Handler  stm32f1xx_it.o
    0x080001a0   0x00000002   Code   RO          202    i.DebugMon_Handler  stm32f1xx_it.o
    0x080001a2   0x00000002   PAD
    0x080001a4   0x0000001c   Code   RO           13    i.Delay             main.o
    0x080001c0   0x0000001c   Code   RO          493    i.HAL_Delay         stm32f1xx_hal.o
    0x080001dc   0x000001bc   Code   RO          648    i.HAL_GPIO_Init     stm32f1xx_hal_gpio.o
    0x08000398   0x0000000a   Code   RO          652    i.HAL_GPIO_WritePin  stm32f1xx_hal_gpio.o
    0x080003a2   0x00000002   PAD
    0x080003a4   0x0000000c   Code   RO          497    i.HAL_GetTick       stm32f1xx_hal.o
    0x080003b0   0x00000010   Code   RO          499    i.HAL_IncTick       stm32f1xx_hal.o
    0x080003c0   0x00000024   Code   RO          500    i.HAL_Init          stm32f1xx_hal.o
    0x080003e4   0x00000028   Code   RO          501    i.HAL_InitTick      stm32f1xx_hal.o
    0x0800040c   0x00000084   Code   RO          165    i.HAL_MspInit       stm32f1xx_hal_msp.o
    0x08000490   0x00000040   Code   RO         1198    i.HAL_NVIC_SetPriority  stm32f1xx_hal_cortex.o
    0x080004d0   0x00000024   Code   RO         1199    i.HAL_NVIC_SetPriorityGrouping  stm32f1xx_hal_cortex.o
    0x080004f4   0x00000154   Code   RO          797    i.HAL_RCC_ClockConfig  stm32f1xx_hal_rcc.o
    0x08000648   0x0000000c   Code   RO          802    i.HAL_RCC_GetHCLKFreq  stm32f1xx_hal_rcc.o
    0x08000654   0x00000020   Code   RO          804    i.HAL_RCC_GetPCLK1Freq  stm32f1xx_hal_rcc.o
    0x08000674   0x00000020   Code   RO          805    i.HAL_RCC_GetPCLK2Freq  stm32f1xx_hal_rcc.o
    0x08000694   0x0000006c   Code   RO          806    i.HAL_RCC_GetSysClockFreq  stm32f1xx_hal_rcc.o
    0x08000700   0x00000304   Code   RO          809    i.HAL_RCC_OscConfig  stm32f1xx_hal_rcc.o
    0x08000a04   0x00000018   Code   RO         1201    i.HAL_SYSTICK_CLKSourceConfig  stm32f1xx_hal_cortex.o
    0x08000a1c   0x00000002   Code   RO         1202    i.HAL_SYSTICK_Callback  stm32f1xx_hal_cortex.o
    0x08000a1e   0x00000028   Code   RO         1203    i.HAL_SYSTICK_Config  stm32f1xx_hal_cortex.o
    0x08000a46   0x00000008   Code   RO         1204    i.HAL_SYSTICK_IRQHandler  stm32f1xx_hal_cortex.o
    0x08000a4e   0x00000054   Code   RO         1318    i.HAL_USART_Init    stm32f1xx_hal_usart.o
    0x08000aa2   0x00000002   PAD
    0x08000aa4   0x00000058   Code   RO          167    i.HAL_USART_MspInit  stm32f1xx_hal_msp.o
    0x08000afc   0x00000002   Code   RO          203    i.HardFault_Handler  stm32f1xx_it.o
    0x08000afe   0x0000001a   Code   RO          276    i.LCDBitmap         nokia_5110.o
    0x08000b18   0x00000038   Code   RO          277    i.LCDCharacter      nokia_5110.o
    0x08000b50   0x00000022   Code   RO          278    i.LCDClear          nokia_5110.o
    0x08000b72   0x00000002   PAD
    0x08000b74   0x00000098   Code   RO          279    i.LCDInit           nokia_5110.o
    0x08000c0c   0x00000014   Code   RO          280    i.LCDString         nokia_5110.o
    0x08000c20   0x00000040   Code   RO          281    i.LCDWrite          nokia_5110.o
    0x08000c60   0x00000128   Code   RO          282    i.LCD_GPIO_Init     nokia_5110.o
    0x08000d88   0x00000064   Code   RO           15    i.MX_GPIO_Init      main.o
    0x08000dec   0x00000034   Code   RO           16    i.MX_USART1_Init    main.o
    0x08000e20   0x00000002   Code   RO          204    i.MemManage_Handler  stm32f1xx_it.o
    0x08000e22   0x00000002   Code   RO          205    i.NMI_Handler       stm32f1xx_it.o
    0x08000e24   0x00000020   Code   RO         1205    i.NVIC_SetPriority  stm32f1xx_hal_cortex.o
    0x08000e44   0x00000002   Code   RO          206    i.PendSV_Handler    stm32f1xx_it.o
    0x08000e46   0x00000002   Code   RO          207    i.SVC_Handler       stm32f1xx_it.o
    0x08000e48   0x0000000e   Code   RO          208    i.SysTick_Handler   stm32f1xx_it.o
    0x08000e56   0x00000068   Code   RO           17    i.SystemClock_Config  main.o
    0x08000ebe   0x00000002   PAD
    0x08000ec0   0x00000048   Code   RO         1587    i.SystemInit        system_stm32f1xx.o
    0x08000f08   0x000000f8   Code   RO         1346    i.USART_SetConfig   stm32f1xx_hal_usart.o
    0x08001000   0x00000002   Code   RO          209    i.UsageFault_Handler  stm32f1xx_it.o
    0x08001002   0x0000000e   Code   RO         1644    i.__scatterload_copy  mc_w.l(handlers.o)
    0x08001010   0x00000002   Code   RO         1645    i.__scatterload_null  mc_w.l(handlers.o)
    0x08001012   0x0000000e   Code   RO         1646    i.__scatterload_zeroinit  mc_w.l(handlers.o)
    0x08001020   0x00000020   Code   RO          283    i.gotoXY            nokia_5110.o
    0x08001040   0x000000dc   Code   RO          356    i.loop              hinh_anh.o
    0x0800111c   0x000000a0   Code   RO           20    i.main              main.o
    0x080011bc   0x00000060   Code   RO          285    i.shiftOut          nokia_5110.o
    0x0800121c   0x000001e0   Data   RO          286    .constdata          nokia_5110.o
    0x080013fc   0x00000010   Data   RO         1588    .constdata          system_stm32f1xx.o
    0x0800140c   0x00000008   Data   RO         1589    .constdata          system_stm32f1xx.o
    0x08001414   0x00000020   Data   RO         1642    Region$$Table       anon$$obj.o


    Execution Region RW_IRAM1 (Base: 0x20000000, Size: 0x00000c30, Max: 0x00005000, ABSOLUTE, COMPRESSED[0x0000035c])

    Base Addr    Size         Type   Attr      Idx    E Section Name        Object

    0x20000000   0x000007e0   Data   RW          357    .data               hinh_anh.o
    0x200007e0   0x00000004   Data   RW          506    .data               stm32f1xx_hal.o
    0x200007e4   0x00000004   Data   RW         1590    .data               system_stm32f1xx.o
    0x200007e8   0x00000044   Zero   RW           21    .bss                main.o
    0x2000082c   0x00000004   PAD
    0x20000830   0x00000400   Zero   RW            1    STACK               startup_stm32f103xb.o


==============================================================================

Image component sizes


      Code (inc. data)   RO Data    RW Data    ZI Data      Debug   Object Name

       220         52          0       2016          0       1310   hinh_anh.o
       444         56          0          0         68     404844   main.o
       776         32        480          0          0       5587   nokia_5110.o
        36          8        236          0       1024        792   startup_stm32f103xb.o
       132         22          0          4          0       3543   stm32f1xx_hal.o
       206         14          0          0          0      26328   stm32f1xx_hal_cortex.o
       454         36          0          0          0       2512   stm32f1xx_hal_gpio.o
       220         22          0          0          0       1442   stm32f1xx_hal_msp.o
      1296        104          0          0          0       5336   stm32f1xx_hal_rcc.o
       332          6          0          0          0       1865   stm32f1xx_hal_usart.o
        30          0          0          0          0       3726   stm32f1xx_it.o
        72         16         24          4          0       1127   system_stm32f1xx.o

    ----------------------------------------------------------------------
      4228        368        772       2024       1096     458412   Object Totals
         0          0         32          0          0          0   (incl. Generated)
        10          0          0          0          4          0   (incl. Padding)

    ----------------------------------------------------------------------

      Code (inc. data)   RO Data    RW Data    ZI Data      Debug   Library Member Name

        86          0          0          0          0          0   __dczerorl2.o
         0          0          0          0          0          0   entry.o
         0          0          0          0          0          0   entry10a.o
         0          0          0          0          0          0   entry11a.o
         8          4          0          0          0          0   entry2.o
         4          0          0          0          0          0   entry5.o
         0          0          0          0          0          0   entry7b.o
         0          0          0          0          0          0   entry8b.o
         8          4          0          0          0          0   entry9a.o
        30          0          0          0          0          0   handlers.o
        36          8          0          0          0         68   init.o

    ----------------------------------------------------------------------
       172         16          0          0          0         68   Library Totals
         0          0          0          0          0          0   (incl. Padding)

    ----------------------------------------------------------------------

      Code (inc. data)   RO Data    RW Data    ZI Data      Debug   Library Name

       172         16          0          0          0         68   mc_w.l

    ----------------------------------------------------------------------
       172         16          0          0          0         68   Library Totals

    ----------------------------------------------------------------------

==============================================================================


      Code (inc. data)   RO Data    RW Data    ZI Data      Debug   

      4400        384        772       2024       1096     456476   Grand Totals
      4400        384        772        860       1096     456476   ELF Image Totals (compressed)
      4400        384        772        860          0          0   ROM Totals

==============================================================================

    Total RO  Size (Code + RO Data)                 5172 (   5.05kB)
    Total RW  Size (RW Data + ZI Data)              3120 (   3.05kB)
    Total ROM Size (Code + RO Data + RW Data)       6032 (   5.89kB)

==============================================================================

